Archive member included to satisfy reference by file (symbol)

Middlewares/ST/ARM/DSP/Lib/libarm_cortexM4lf_math.a(arm_mat_trans_f32.o)
                              ./build/Debug/.obj/modules/algorithm/QuaternionEKF.o (arm_mat_trans_f32)
Middlewares/ST/ARM/DSP/Lib/libarm_cortexM4lf_math.a(arm_mat_sub_f32.o)
                              ./build/Debug/.obj/modules/algorithm/QuaternionEKF.o (arm_mat_sub_f32)
Middlewares/ST/ARM/DSP/Lib/libarm_cortexM4lf_math.a(arm_mat_mult_f32.o)
                              ./build/Debug/.obj/modules/algorithm/QuaternionEKF.o (arm_mat_mult_f32)
Middlewares/ST/ARM/DSP/Lib/libarm_cortexM4lf_math.a(arm_mat_inverse_f32.o)
                              ./build/Debug/.obj/modules/algorithm/QuaternionEKF.o (arm_mat_inverse_f32)
Middlewares/ST/ARM/DSP/Lib/libarm_cortexM4lf_math.a(arm_mat_init_f32.o)
                              ./build/Debug/.obj/modules/algorithm/QuaternionEKF.o (arm_mat_init_f32)
Middlewares/ST/ARM/DSP/Lib/libarm_cortexM4lf_math.a(arm_mat_add_f32.o)
                              ./build/Debug/.obj/modules/algorithm/QuaternionEKF.o (arm_mat_add_f32)
Middlewares/ST/ARM/DSP/Lib/libarm_cortexM4lf_math.a(arm_sin_f32.o)
                              ./build/Debug/.obj/modules/algorithm/AHRS_middleware.o (arm_sin_f32)
Middlewares/ST/ARM/DSP/Lib/libarm_cortexM4lf_math.a(arm_cos_f32.o)
                              ./build/Debug/.obj/modules/algorithm/AHRS_middleware.o (arm_cos_f32)
Middlewares/ST/ARM/DSP/Lib/libarm_cortexM4lf_math.a(arm_common_tables.o)
                              Middlewares/ST/ARM/DSP/Lib/libarm_cortexM4lf_math.a(arm_sin_f32.o) (sinTable_f32)
d:/program files/arm/arm-gnu-toolchain-12.3.rel1-mingw-w64-i686-arm-none-eabi/bin/../lib/gcc/arm-none-eabi/12.3.1/thumb/v7e-m+fp/hard\libstdc++_nano.a(atexit_arm.o)
                              ./build/Debug/.obj/application/test/decode/Src/controller.o (__aeabi_atexit)
d:/program files/arm/arm-gnu-toolchain-12.3.rel1-mingw-w64-i686-arm-none-eabi/bin/../lib/gcc/arm-none-eabi/12.3.1/thumb/v7e-m+fp/hard\libstdc++_nano.a(eh_arm.o)
                              ./build/Debug/.obj/application/test/decode/Src/controller.o (__cxa_end_cleanup)
d:/program files/arm/arm-gnu-toolchain-12.3.rel1-mingw-w64-i686-arm-none-eabi/bin/../lib/gcc/arm-none-eabi/12.3.1/thumb/v7e-m+fp/hard\libstdc++_nano.a(eh_exception.o)
                              d:/program files/arm/arm-gnu-toolchain-12.3.rel1-mingw-w64-i686-arm-none-eabi/bin/../lib/gcc/arm-none-eabi/12.3.1/thumb/v7e-m+fp/hard\libstdc++_nano.a(eh_arm.o) (typeinfo for __cxxabiv1::__forced_unwind)
d:/program files/arm/arm-gnu-toolchain-12.3.rel1-mingw-w64-i686-arm-none-eabi/bin/../lib/gcc/arm-none-eabi/12.3.1/thumb/v7e-m+fp/hard\libstdc++_nano.a(eh_globals.o)
                              d:/program files/arm/arm-gnu-toolchain-12.3.rel1-mingw-w64-i686-arm-none-eabi/bin/../lib/gcc/arm-none-eabi/12.3.1/thumb/v7e-m+fp/hard\libstdc++_nano.a(eh_arm.o) (__cxa_get_globals)
d:/program files/arm/arm-gnu-toolchain-12.3.rel1-mingw-w64-i686-arm-none-eabi/bin/../lib/gcc/arm-none-eabi/12.3.1/thumb/v7e-m+fp/hard\libstdc++_nano.a(eh_personality.o)
                              ./build/Debug/.obj/application/test/decode/Src/controller.o (__gxx_personality_v0)
d:/program files/arm/arm-gnu-toolchain-12.3.rel1-mingw-w64-i686-arm-none-eabi/bin/../lib/gcc/arm-none-eabi/12.3.1/thumb/v7e-m+fp/hard\libstdc++_nano.a(eh_terminate.o)
                              d:/program files/arm/arm-gnu-toolchain-12.3.rel1-mingw-w64-i686-arm-none-eabi/bin/../lib/gcc/arm-none-eabi/12.3.1/thumb/v7e-m+fp/hard\libstdc++_nano.a(eh_arm.o) (std::terminate())
d:/program files/arm/arm-gnu-toolchain-12.3.rel1-mingw-w64-i686-arm-none-eabi/bin/../lib/gcc/arm-none-eabi/12.3.1/thumb/v7e-m+fp/hard\libstdc++_nano.a(eh_unex_handler.o)
                              d:/program files/arm/arm-gnu-toolchain-12.3.rel1-mingw-w64-i686-arm-none-eabi/bin/../lib/gcc/arm-none-eabi/12.3.1/thumb/v7e-m+fp/hard\libstdc++_nano.a(eh_terminate.o) (__cxxabiv1::__unexpected_handler)
d:/program files/arm/arm-gnu-toolchain-12.3.rel1-mingw-w64-i686-arm-none-eabi/bin/../lib/gcc/arm-none-eabi/12.3.1/thumb/v7e-m+fp/hard\libstdc++_nano.a(si_class_type_info.o)
                              d:/program files/arm/arm-gnu-toolchain-12.3.rel1-mingw-w64-i686-arm-none-eabi/bin/../lib/gcc/arm-none-eabi/12.3.1/thumb/v7e-m+fp/hard\libstdc++_nano.a(eh_exception.o) (vtable for __cxxabiv1::__si_class_type_info)
d:/program files/arm/arm-gnu-toolchain-12.3.rel1-mingw-w64-i686-arm-none-eabi/bin/../lib/gcc/arm-none-eabi/12.3.1/thumb/v7e-m+fp/hard\libstdc++_nano.a(tinfo.o)
                              d:/program files/arm/arm-gnu-toolchain-12.3.rel1-mingw-w64-i686-arm-none-eabi/bin/../lib/gcc/arm-none-eabi/12.3.1/thumb/v7e-m+fp/hard\libstdc++_nano.a(si_class_type_info.o) (std::type_info::__is_pointer_p() const)
d:/program files/arm/arm-gnu-toolchain-12.3.rel1-mingw-w64-i686-arm-none-eabi/bin/../lib/gcc/arm-none-eabi/12.3.1/thumb/v7e-m+fp/hard\libstdc++_nano.a(class_type_info.o)
[...]
Memory Configuration

Name             Origin             Length             Attributes
CCMRAM           0x10000000         0x00010000         xrw
RAM              0x20000000         0x00020000         xrw
FLASH            0x08000000         0x00100000         xr
*default*        0x00000000         0xffffffff

Linker script and memory map

LOAD d:/program files/arm/arm-gnu-toolchain-12.3.rel1-mingw-w64-i686-arm-none-eabi/bin/../lib/gcc/arm-none-eabi/12.3.1/thumb/v7e-m+fp/hard/crti.o
LOAD d:/program files/arm/arm-gnu-toolchain-12.3.rel1-mingw-w64-i686-arm-none-eabi/bin/../lib/gcc/arm-none-eabi/12.3.1/thumb/v7e-m+fp/hard/crtbegin.o
LOAD d:/program files/arm/arm-gnu-toolchain-12.3.rel1-mingw-w64-i686-arm-none-eabi/bin/../lib/gcc/arm-none-eabi/12.3.1/thumb/v7e-m+fp/hard/crt0.o
LOAD ./build/Debug/.obj/Drivers/STM32F4xx_HAL_Driver/Src/stm32f4xx_hal.o
LOAD ./build/Debug/.obj/Drivers/STM32F4xx_HAL_Driver/Src/stm32f4xx_hal_adc.o
LOAD ./build/Debug/.obj/Drivers/STM32F4xx_HAL_Driver/Src/stm32f4xx_hal_adc_ex.o
LOAD ./build/Debug/.obj/Drivers/STM32F4xx_HAL_Driver/Src/stm32f4xx_hal_can.o
LOAD ./build/Debug/.obj/Drivers/STM32F4xx_HAL_Driver/Src/stm32f4xx_hal_cortex.o
LOAD ./build/Debug/.obj/Drivers/STM32F4xx_HAL_Driver/Src/stm32f4xx_hal_crc.o
LOAD ./build/Debug/.obj/Drivers/STM32F4xx_HAL_Driver/Src/stm32f4xx_hal_dac.o
LOAD ./build/Debug/.obj/Drivers/STM32F4xx_HAL_Driver/Src/stm32f4xx_hal_dac_ex.o
LOAD ./build/Debug/.obj/Drivers/STM32F4xx_HAL_Driver/Src/stm32f4xx_hal_dma.o
LOAD ./build/Debug/.obj/Drivers/STM32F4xx_HAL_Driver/Src/stm32f4xx_hal_dma_ex.o
LOAD ./build/Debug/.obj/Drivers/STM32F4xx_HAL_Driver/Src/stm32f4xx_hal_exti.o
LOAD ./build/Debug/.obj/Drivers/STM32F4xx_HAL_Driver/Src/stm32f4xx_hal_flash.o
LOAD ./build/Debug/.obj/Drivers/STM32F4xx_HAL_Driver/Src/stm32f4xx_hal_flash_ex.o
LOAD ./build/Debug/.obj/Drivers/STM32F4xx_HAL_Driver/Src/stm32f4xx_hal_flash_ramfunc.o
LOAD ./build/Debug/.obj/Drivers/STM32F4xx_HAL_Driver/Src/stm32f4xx_hal_gpio.o
LOAD ./build/Debug/.obj/Drivers/STM32F4xx_HAL_Driver/Src/stm32f4xx_hal_i2c.o
LOAD ./build/Debug/.obj/Drivers/STM32F4xx_HAL_Driver/Src/stm32f4xx_hal_i2c_ex.o
LOAD ./build/Debug/.obj/Drivers/STM32F4xx_HAL_Driver/Src/stm32f4xx_hal_pcd.o
LOAD ./build/Debug/.obj/Drivers/STM32F4xx_HAL_Driver/Src/stm32f4xx_hal_pcd_ex.o
LOAD ./build/Debug/.obj/Drivers/STM32F4xx_HAL_Driver/Src/stm32f4xx_hal_pwr.o
LOAD ./build/Debug/.obj/Drivers/STM32F4xx_HAL_Driver/Src/stm32f4xx_hal_pwr_ex.o
LOAD ./build/Debug/.obj/Drivers/STM32F4xx_HAL_Driver/Src/stm32f4xx_hal_rcc.o
LOAD ./build/Debug/.obj/Drivers/STM32F4xx_HAL_Driver/Src/stm32f4xx_hal_rcc_ex.o
LOAD ./build/Debug/.obj/Drivers/STM32F4xx_HAL_Driver/Src/stm32f4xx_hal_rng.o
LOAD ./build/Debug/.obj/Drivers/STM32F4xx_HAL_Driver/Src/stm32f4xx_hal_rtc.o
LOAD ./build/Debug/.obj/Drivers/STM32F4xx_HAL_Driver/Src/stm32f4xx_hal_rtc_ex.o
LOAD ./build/Debug/.obj/Drivers/STM32F4xx_HAL_Driver/Src/stm32f4xx_hal_spi.o
LOAD ./build/Debug/.obj/Drivers/STM32F4xx_HAL_Driver/Src/stm32f4xx_hal_tim.o
LOAD ./build/Debug/.obj/Drivers/STM32F4xx_HAL_Driver/Src/stm32f4xx_hal_tim_ex.o
LOAD ./build/Debug/.obj/Drivers/STM32F4xx_HAL_Driver/Src/stm32f4xx_hal_uart.o
LOAD ./build/Debug/.obj/Drivers/STM32F4xx_HAL_Driver/Src/stm32f4xx_ll_adc.o
LOAD ./build/Debug/.obj/Drivers/STM32F4xx_HAL_Driver/Src/stm32f4xx_ll_usb.o
LOAD ./build/Debug/.obj/Middlewares/ST/STM32_USB_Device_Library/Class/CDC/Src/usbd_cdc.o
LOAD ./build/Debug/.obj/Middlewares/ST/STM32_USB_Device_Library/Core/Src/usbd_core.o
LOAD ./build/Debug/.obj/Middlewares/ST/STM32_USB_Device_Library/Core/Src/usbd_ctlreq.o
LOAD ./build/Debug/.obj/Middlewares/ST/STM32_USB_Device_Library/Core/Src/usbd_ioreq.o
LOAD ./build/Debug/.obj/Middlewares/Third_Party/FreeRTOS/Source/CMSIS_RTOS_V2/cmsis_os2.o
LOAD ./build/Debug/.obj/Middlewares/Third_Party/FreeRTOS/Source/croutine.o
LOAD ./build/Debug/.obj/Middlewares/Third_Party/FreeRTOS/Source/event_groups.o
LOAD ./build/Debug/.obj/Middlewares/Third_Party/FreeRTOS/Source/list.o
LOAD ./build/Debug/.obj/Middlewares/Third_Party/FreeRTOS/Source/portable/GCC/ARM_CM4F/port.o
LOAD ./build/Debug/.obj/Middlewares/Third_Party/FreeRTOS/Source/portable/MemMang/heap_4.o
LOAD ./build/Debug/.obj/Middlewares/Third_Party/FreeRTOS/Source/queue.o
LOAD ./build/Debug/.obj/Middlewares/Third_Party/FreeRTOS/Source/stream_buffer.o
LOAD ./build/Debug/.obj/Middlewares/Third_Party/FreeRTOS/Source/tasks.o
LOAD ./build/Debug/.obj/Middlewares/Third_Party/FreeRTOS/Source/timers.o
LOAD ./build/Debug/.obj/Middlewares/Third_Party/SEGGER/RTT/SEGGER_RTT.o
LOAD ./build/Debug/.obj/Middlewares/Third_Party/SEGGER/RTT/SEGGER_RTT_ASM_ARMv7M.o
LOAD ./build/Debug/.obj/Middlewares/Third_Party/SEGGER/RTT/SEGGER_RTT_printf.o
LOAD ./build/Debug/.obj/Src/adc.o
LOAD ./build/Debug/.obj/Src/can.o
LOAD ./build/Debug/.obj/Src/crc.o
LOAD ./build/Debug/.obj/Src/dac.o
LOAD ./build/Debug/.obj/Src/dma.o
LOAD ./build/Debug/.obj/Src/freertos.o
LOAD ./build/Debug/.obj/Src/gpio.o
LOAD ./build/Debug/.obj/Src/i2c.o
LOAD ./build/Debug/.obj/Src/main.o
LOAD ./build/Debug/.obj/Src/rng.o
LOAD ./build/Debug/.obj/Src/rtc.o
LOAD ./build/Debug/.obj/Src/spi.o
LOAD ./build/Debug/.obj/Src/stm32f4xx_hal_msp.o
LOAD ./build/Debug/.obj/Src/stm32f4xx_hal_timebase_tim.o
LOAD ./build/Debug/.obj/Src/stm32f4xx_it.o
LOAD ./build/Debug/.obj/Src/syscalls.o
LOAD ./build/Debug/.obj/Src/sysmem.o
LOAD ./build/Debug/.obj/Src/system_stm32f4xx.o
LOAD ./build/Debug/.obj/Src/tim.o
LOAD ./build/Debug/.obj/Src/usart.o
LOAD ./build/Debug/.obj/Src/usb_device.o
LOAD ./build/Debug/.obj/Src/usbd_cdc_if.o
LOAD ./build/Debug/.obj/Src/usbd_conf.o
LOAD ./build/Debug/.obj/Src/usbd_desc.o
LOAD ./build/Debug/.obj/Startup/startup_stm32f407ighx.o
LOAD ./build/Debug/.obj/application/robot.o
LOAD ./build/Debug/.obj/application/test/decode/Src/controller.o
LOAD ./build/Debug/.obj/application/test/decode/Src/um_main.o
LOAD ./build/Debug/.obj/application/test/decode/Src/vector3.o
LOAD ./build/Debug/.obj/application/test/test.o
LOAD ./build/Debug/.obj/bsp/adc/bsp_adc.o
LOAD ./build/Debug/.obj/bsp/bsp_tools.o
LOAD ./build/Debug/.obj/bsp/can/bsp_can.o
LOAD ./build/Debug/.obj/bsp/dwt/bsp_dwt.o
LOAD ./build/Debug/.obj/bsp/flash/bsp_flash.o
LOAD ./build/Debug/.obj/bsp/gpio/bsp_gpio.o
LOAD ./build/Debug/.obj/bsp/iic/bsp_iic.o
LOAD ./build/Debug/.obj/bsp/log/bsp_log.o
LOAD ./build/Debug/.obj/bsp/pwm/bsp_pwm.o
LOAD ./build/Debug/.obj/bsp/spi/bsp_spi.o
LOAD ./build/Debug/.obj/bsp/usart/bsp_usart.o
LOAD ./build/Debug/.obj/bsp/usb/bsp_usb.o
LOAD ./build/Debug/.obj/modules/BMI088/bmi088.o
LOAD ./build/Debug/.obj/modules/TFminiPlus/tfminiplus.o
LOAD ./build/Debug/.obj/modules/algorithm/AHRS_middleware.o
LOAD ./build/Debug/.obj/modules/algorithm/QuaternionEKF.o
LOAD ./build/Debug/.obj/modules/algorithm/controller.o
LOAD ./build/Debug/.obj/modules/algorithm/crc16.o
LOAD ./build/Debug/.obj/modules/algorithm/crc8.o
LOAD ./build/Debug/.obj/modules/algorithm/kalman_filter.o
LOAD ./build/Debug/.obj/modules/algorithm/user_lib.o
LOAD ./build/Debug/.obj/modules/buzzer/buzzer.o
LOAD ./build/Debug/.obj/modules/can_comm/can_comm.o
LOAD ./build/Debug/.obj/modules/daemon/daemon.o
LOAD ./build/Debug/.obj/modules/encoder/encoder.o
LOAD ./build/Debug/.obj/modules/externcmd/externcmd.o
LOAD ./build/Debug/.obj/modules/imu/ins_task.o
LOAD ./build/Debug/.obj/modules/ist8310/ist8310.o
LOAD ./build/Debug/.obj/modules/led/led.o
LOAD ./build/Debug/.obj/modules/master_machine/master_process.o
LOAD ./build/Debug/.obj/modules/master_machine/seasky_protocol.o
LOAD ./build/Debug/.obj/modules/master_machine/vision.o
LOAD ./build/Debug/.obj/modules/message_center/message_center.o
LOAD ./build/Debug/.obj/modules/motor/DJImotor/dji_motor.o
LOAD ./build/Debug/.obj/modules/motor/DRmotor/DRmotor.o
LOAD ./build/Debug/.obj/modules/motor/HTmotor/HT04.o
LOAD ./build/Debug/.obj/modules/motor/LKmotor/LKmotor.o
LOAD ./build/Debug/.obj/modules/motor/YSmotor/YSA1.o
LOAD ./build/Debug/.obj/modules/motor/motor_task.o
LOAD ./build/Debug/.obj/modules/motor/servo_motor/servo_motor.o
LOAD ./build/Debug/.obj/modules/motor/step_motor/step_motor.o
LOAD ./build/Debug/.obj/modules/oled/oled.o
LOAD ./build/Debug/.obj/modules/power_control/power_control.o
LOAD ./build/Debug/.obj/modules/referee/crc_ref.o
LOAD ./build/Debug/.obj/modules/referee/referee_UI.o
LOAD ./build/Debug/.obj/modules/referee/referee_init.o
LOAD ./build/Debug/.obj/modules/referee/rm_referee.o
LOAD ./build/Debug/.obj/modules/remote/remote_control.o
LOAD ./build/Debug/.obj/modules/standard_cmd/std_cmd.o
LOAD ./build/Debug/.obj/modules/super_cap/super_cap.o
LOAD ./build/Debug/.obj/modules/tool/tool.o
LOAD ./build/Debug/.obj/modules/unicomm/unicomm.o
LOAD ./build/Debug/.obj/modules/vofa/vofa.o
LOAD Middlewares/ST/ARM/DSP/Lib/libarm_cortexM4lf_math.a
LOAD d:/program files/arm/arm-gnu-toolchain-12.3.rel1-mingw-w64-i686-arm-none-eabi/bin/../lib/gcc/arm-none-eabi/12.3.1/thumb/v7e-m+fp/hard\libstdc++_nano.a
LOAD d:/program files/arm/arm-gnu-toolchain-12.3.rel1-mingw-w64-i686-arm-none-eabi/bin/../lib/gcc/arm-none-eabi/12.3.1/thumb/v7e-m+fp/hard\libm.a
START GROUP
LOAD d:/program files/arm/arm-gnu-toolchain-12.3.rel1-mingw-w64-i686-arm-none-eabi/bin/../lib/gcc/arm-none-eabi/12.3.1/thumb/v7e-m+fp/hard\libgcc.a
LOAD d:/program files/arm/arm-gnu-toolchain-12.3.rel1-mingw-w64-i686-arm-none-eabi/bin/../lib/gcc/arm-none-eabi/12.3.1/thumb/v7e-m+fp/hard\libc_nano.a
END GROUP
START GROUP
LOAD d:/program files/arm/arm-gnu-toolchain-12.3.rel1-mingw-w64-i686-arm-none-eabi/bin/../lib/gcc/arm-none-eabi/12.3.1/thumb/v7e-m+fp/hard\libgcc.a
LOAD d:/program files/arm/arm-gnu-toolchain-12.3.rel1-mingw-w64-i686-arm-none-eabi/bin/../lib/gcc/arm-none-eabi/12.3.1/thumb/v7e-m+fp/hard\libc_nano.a
LOAD d:/program files/arm/arm-gnu-toolchain-12.3.rel1-mingw-w64-i686-arm-none-eabi/bin/../lib/gcc/arm-none-eabi/12.3.1/thumb/v7e-m+fp/hard\libnosys.a
END GROUP
START GROUP
LOAD d:/program files/arm/arm-gnu-toolchain-12.3.rel1-mingw-w64-i686-arm-none-eabi/bin/../lib/gcc/arm-none-eabi/12.3.1/thumb/v7e-m+fp/hard\libgcc.a
LOAD d:/program files/arm/arm-gnu-toolchain-12.3.rel1-mingw-w64-i686-arm-none-eabi/bin/../lib/gcc/arm-none-eabi/12.3.1/thumb/v7e-m+fp/hard\libc_nano.a
LOAD d:/program files/arm/arm-gnu-toolchain-12.3.rel1-mingw-w64-i686-arm-none-eabi/bin/../lib/gcc/arm-none-eabi/12.3.1/thumb/v7e-m+fp/hard\libnosys.a
END GROUP
LOAD d:/program files/arm/arm-gnu-toolchain-12.3.rel1-mingw-w64-i686-arm-none-eabi/bin/../lib/gcc/arm-none-eabi/12.3.1/thumb/v7e-m+fp/hard/crtend.o
LOAD d:/program files/arm/arm-gnu-toolchain-12.3.rel1-mingw-w64-i686-arm-none-eabi/bin/../lib/gcc/arm-none-eabi/12.3.1/thumb/v7e-m+fp/hard/crtn.o
                0x20020000                        _estack = (ORIGIN (RAM) + LENGTH (RAM))
                0x00005000                        _Min_Heap_Size = 0x5000
                0x00005000                        _Min_Stack_Size = 0x5000

.isr_vector     0x08000000      0x188
                0x08000000                        . = ALIGN (0x4)
 *(.isr_vector)
 .isr_vector    0x08000000      0x188 ./build/Debug/.obj/Startup/startup_stm32f407ighx.o
                0x08000000                g_pfnVectors
                0x08000188                        . = ALIGN (0x4)

.text           0x08000190    0x12254
                0x08000190                        . = ALIGN (0x4)
 *(.text)
 .text          0x08000190      0x378 d:/program files/arm/arm-gnu-toolchain-12.3.rel1-mingw-w64-i686-arm-none-eabi/bin/../lib/gcc/arm-none-eabi/12.3.1/thumb/v7e-m+fp/hard\libgcc.a(_arm_addsubdf3.o)
                0x08000190                __aeabi_drsub
                0x08000198                __aeabi_dsub
                0x08000198                __subdf3
                0x0800019c                __aeabi_dadd
                0x0800019c                __adddf3
                0x08000414                __floatunsidf
                0x08000414                __aeabi_ui2d
                0x08000434                __floatsidf
                0x08000434                __aeabi_i2d
                0x08000458                __aeabi_f2d
                0x08000458                __extendsfdf2
                0x0800049c                __floatundidf
                0x0800049c                __aeabi_ul2d
                0x080004ac                __floatdidf
                0x080004ac                __aeabi_l2d
 .text          0x08000508      0x424 d:/program files/arm/arm-gnu-toolchain-12.3.rel1-mingw-w64-i686-arm-none-eabi/bin/../lib/gcc/arm-none-eabi/12.3.1/thumb/v7e-m+fp/hard\libgcc.a(_arm_muldivdf3.o)
                0x08000508                __aeabi_dmul
                0x08000508                __muldf3
                0x0800075c                __divdf3
                0x0800075c                __aeabi_ddiv
 .text          0x0800092c       0x50 d:/program files/arm/arm-gnu-toolchain-12.3.rel1-mingw-w64-i686-arm-none-eabi/bin/../lib/gcc/arm-none-eabi/12.3.1/thumb/v7e-m+fp/hard\libgcc.a(_arm_fixdfsi.o)
                0x0800092c                __aeabi_d2iz
                0x0800092c                __fixdfsi
 .text          0x0800097c       0xa0 d:/program files/arm/arm-gnu-toolchain-12.3.rel1-mingw-w64-i686-arm-none-eabi/bin/../lib/gcc/arm-none-eabi/12.3.1/thumb/v7e-m+fp/hard\libgcc.a(_arm_truncdfsf2.o)
                0x0800097c                __truncdfsf2
                0x0800097c                __aeabi_d2f
 .text          0x08000a1c       0x30 d:/program files/arm/arm-gnu-toolchain-12.3.rel1-mingw-w64-i686-arm-none-eabi/bin/../lib/gcc/arm-none-eabi/12.3.1/thumb/v7e-m+fp/hard\libgcc.a(_aeabi_uldivmod.o)
                0x08000a1c                __aeabi_uldivmod
 .text          0x08000a4c      0x1ac d:/program files/arm/arm-gnu-toolchain-12.3.rel1-mingw-w64-i686-arm-none-eabi/bin/../lib/gcc/arm-none-eabi/12.3.1/thumb/v7e-m+fp/hard\libgcc.a(libunwind.o)
                0x08000a4c                __restore_core_regs
                0x08000a4c                restore_core_regs
                0x08000a64                __gnu_Unwind_Restore_VFP
                0x08000a6c                __gnu_Unwind_Save_VFP
                0x08000a74                __gnu_Unwind_Restore_VFP_D
                0x08000a7c                __gnu_Unwind_Save_VFP_D
                0x08000a84                __gnu_Unwind_Restore_VFP_D_16_to_31
                0x08000a8c                __gnu_Unwind_Save_VFP_D_16_to_31
                0x08000a94                __gnu_Unwind_Restore_WMMXD
                0x08000ad8                __gnu_Unwind_Save_WMMXD
                0x08000b1c                __gnu_Unwind_Restore_WMMXC
                0x08000b30                __gnu_Unwind_Save_WMMXC
                0x08000b44                ___Unwind_RaiseException
                0x08000b44                _Unwind_RaiseException
                0x08000b68                _Unwind_Resume
                0x08000b68                ___Unwind_Resume
                0x08000b8c                _Unwind_Resume_or_Rethrow
                0x08000b8c                ___Unwind_Resume_or_Rethrow
                0x08000bb0                _Unwind_ForcedUnwind
                0x08000bb0                ___Unwind_ForcedUnwind
                0x08000bd4                ___Unwind_Backtrace
                0x08000bd4                _Unwind_Backtrace
 .text          0x08000bf8        0x4 d:/program files/arm/arm-gnu-toolchain-12.3.rel1-mingw-w64-i686-arm-none-eabi/bin/../lib/gcc/arm-none-eabi/12.3.1/thumb/v7e-m+fp/hard\libgcc.a(_dvmd_tls.o)
                0x08000bf8                __aeabi_idiv0
                0x08000bf8                __aeabi_ldiv0
 .text          0x08000bfc       0x14 d:/program files/arm/arm-gnu-toolchain-12.3.rel1-mingw-w64-i686-arm-none-eabi/bin/../lib/gcc/arm-none-eabi/12.3.1/thumb/v7e-m+fp/hard\libc_nano.a(libc_a-strcmp.o)
                0x08000bfc                strcmp
 .text          0x08000c10       0x10 d:/program files/arm/arm-gnu-toolchain-12.3.rel1-mingw-w64-i686-arm-none-eabi/bin/../lib/gcc/arm-none-eabi/12.3.1/thumb/v7e-m+fp/hard\libc_nano.a(libc_a-strlen.o)
                0x08000c10                strlen
 .text          0x08000c20       0xa0 d:/program files/arm/arm-gnu-toolchain-12.3.rel1-mingw-w64-i686-arm-none-eabi/bin/../lib/gcc/arm-none-eabi/12.3.1/thumb/v7e-m+fp/hard\libc_nano.a(libc_a-memchr.o)
                0x08000c20                memchr
 *(.text*)
 .text.deregister_tm_clones
                0x08000cc0       0x1c d:/program files/arm/arm-gnu-toolchain-12.3.rel1-mingw-w64-i686-arm-none-eabi/bin/../lib/gcc/arm-none-eabi/12.3.1/thumb/v7e-m+fp/hard/crtbegin.o
 .text.register_tm_clones
                0x08000cdc       0x24 d:/program files/arm/arm-gnu-toolchain-12.3.rel1-mingw-w64-i686-arm-none-eabi/bin/../lib/gcc/arm-none-eabi/12.3.1/thumb/v7e-m+fp/hard/crtbegin.o
 .text.__do_global_dtors_aux
                0x08000d00       0x28 d:/program files/arm/arm-gnu-toolchain-12.3.rel1-mingw-w64-i686-arm-none-eabi/bin/../lib/gcc/arm-none-eabi/12.3.1/thumb/v7e-m+fp/hard/crtbegin.o
 .text.frame_dummy
                0x08000d28       0x24 d:/program files/arm/arm-gnu-toolchain-12.3.rel1-mingw-w64-i686-arm-none-eabi/bin/../lib/gcc/arm-none-eabi/12.3.1/thumb/v7e-m+fp/hard/crtbegin.o
 .text.HAL_Init
                0x08000d4c       0x34 ./build/Debug/.obj/Drivers/STM32F4xx_HAL_Driver/Src/stm32f4xx_hal.o
                0x08000d4c                HAL_Init
 .text.HAL_IncTick
                0x08000d80       0x18 ./build/Debug/.obj/Drivers/STM32F4xx_HAL_Driver/Src/stm32f4xx_hal.o
                0x08000d80                HAL_IncTick
 .text.HAL_GetTick
                0x08000d98        0xc ./build/Debug/.obj/Drivers/STM32F4xx_HAL_Driver/Src/stm32f4xx_hal.o
                0x08000d98                HAL_GetTick
 .text.HAL_Delay
                0x08000da4       0x24 ./build/Debug/.obj/Drivers/STM32F4xx_HAL_Driver/Src/stm32f4xx_hal.o
                0x08000da4                HAL_Delay
 .text.HAL_ADC_Init
                0x08000dc8      0x158 ./build/Debug/.obj/Drivers/STM32F4xx_HAL_Driver/Src/stm32f4xx_hal_adc.o
                0x08000dc8                HAL_ADC_Init
 .text.HAL_ADC_ConfigChannel
                0x08000f20      0x150 ./build/Debug/.obj/Drivers/STM32F4xx_HAL_Driver/Src/stm32f4xx_hal_adc.o
                0x08000f20                HAL_ADC_ConfigChannel
 .text.HAL_CAN_Init
                0x08001070      0x100 ./build/Debug/.obj/Drivers/STM32F4xx_HAL_Driver/Src/stm32f4xx_hal_can.o
                0x08001070                HAL_CAN_Init
 .text.HAL_CAN_ConfigFilter
                0x08001170      0x120 ./build/Debug/.obj/Drivers/STM32F4xx_HAL_Driver/Src/stm32f4xx_hal_can.o
                0x08001170                HAL_CAN_ConfigFilter
 .text.HAL_CAN_Start
                0x08001290       0x5c ./build/Debug/.obj/Drivers/STM32F4xx_HAL_Driver/Src/stm32f4xx_hal_can.o
                0x08001290                HAL_CAN_Start
 .text.HAL_CAN_AddTxMessage
                0x080012ec       0xb4 ./build/Debug/.obj/Drivers/STM32F4xx_HAL_Driver/Src/stm32f4xx_hal_can.o
                0x080012ec                HAL_CAN_AddTxMessage
 .text.HAL_CAN_GetTxMailboxesFreeLevel
                0x080013a0       0x28 ./build/Debug/.obj/Drivers/STM32F4xx_HAL_Driver/Src/stm32f4xx_hal_can.o
                0x080013a0                HAL_CAN_GetTxMailboxesFreeLevel
 .text.HAL_CAN_GetRxMessage
                0x080013c8       0xfc ./build/Debug/.obj/Drivers/STM32F4xx_HAL_Driver/Src/stm32f4xx_hal_can.o
                0x080013c8                HAL_CAN_GetRxMessage
 .text.HAL_CAN_GetRxFifoFillLevel
                0x080014c4       0x24 ./build/Debug/.obj/Drivers/STM32F4xx_HAL_Driver/Src/stm32f4xx_hal_can.o
                0x080014c4                HAL_CAN_GetRxFifoFillLevel
 .text.HAL_CAN_ActivateNotification
                0x080014e8       0x24 ./build/Debug/.obj/Drivers/STM32F4xx_HAL_Driver/Src/stm32f4xx_hal_can.o
                0x080014e8                HAL_CAN_ActivateNotification
 .text.HAL_CAN_TxMailbox0CompleteCallback
                0x0800150c        0x4 ./build/Debug/.obj/Drivers/STM32F4xx_HAL_Driver/Src/stm32f4xx_hal_can.o
                0x0800150c                HAL_CAN_TxMailbox0CompleteCallback
 .text.HAL_CAN_TxMailbox1CompleteCallback
                0x08001510        0x4 ./build/Debug/.obj/Drivers/STM32F4xx_HAL_Driver/Src/stm32f4xx_hal_can.o
                0x08001510                HAL_CAN_TxMailbox1CompleteCallback
 .text.HAL_CAN_TxMailbox2CompleteCallback
                0x08001514        0x4 ./build/Debug/.obj/Drivers/STM32F4xx_HAL_Driver/Src/stm32f4xx_hal_can.o
                0x08001514                HAL_CAN_TxMailbox2CompleteCallback
 .text.HAL_CAN_TxMailbox0AbortCallback
                0x08001518        0x4 ./build/Debug/.obj/Drivers/STM32F4xx_HAL_Driver/Src/stm32f4xx_hal_can.o
                0x08001518                HAL_CAN_TxMailbox0AbortCallback
 .text.HAL_CAN_TxMailbox1AbortCallback
                0x0800151c        0x4 ./build/Debug/.obj/Drivers/STM32F4xx_HAL_Driver/Src/stm32f4xx_hal_can.o
                0x0800151c                HAL_CAN_TxMailbox1AbortCallback
 .text.HAL_CAN_TxMailbox2AbortCallback
                0x08001520        0x4 ./build/Debug/.obj/Drivers/STM32F4xx_HAL_Driver/Src/stm32f4xx_hal_can.o
                0x08001520                HAL_CAN_TxMailbox2AbortCallback
 .text.HAL_CAN_RxFifo0FullCallback
                0x08001524        0x4 ./build/Debug/.obj/Drivers/STM32F4xx_HAL_Driver/Src/stm32f4xx_hal_can.o
                0x08001524                HAL_CAN_RxFifo0FullCallback
 .text.HAL_CAN_RxFifo1FullCallback
                0x08001528        0x4 ./build/Debug/.obj/Drivers/STM32F4xx_HAL_Driver/Src/stm32f4xx_hal_can.o
                0x08001528                HAL_CAN_RxFifo1FullCallback
 .text.HAL_CAN_SleepCallback
                0x0800152c        0x4 ./build/Debug/.obj/Drivers/STM32F4xx_HAL_Driver/Src/stm32f4xx_hal_can.o
                0x0800152c                HAL_CAN_SleepCallback
 .text.HAL_CAN_WakeUpFromRxMsgCallback
                0x08001530        0x4 ./build/Debug/.obj/Drivers/STM32F4xx_HAL_Driver/Src/stm32f4xx_hal_can.o
                0x08001530                HAL_CAN_WakeUpFromRxMsgCallback
 .text.HAL_CAN_ErrorCallback
                0x08001534        0x4 ./build/Debug/.obj/Drivers/STM32F4xx_HAL_Driver/Src/stm32f4xx_hal_can.o
                0x08001534                HAL_CAN_ErrorCallback
 .text.HAL_CAN_IRQHandler
                0x08001538      0x28c ./build/Debug/.obj/Drivers/STM32F4xx_HAL_Driver/Src/stm32f4xx_hal_can.o
                0x08001538                HAL_CAN_IRQHandler
 .text.HAL_NVIC_SetPriorityGrouping
                0x080017c4       0x24 ./build/Debug/.obj/Drivers/STM32F4xx_HAL_Driver/Src/stm32f4xx_hal_cortex.o
                0x080017c4                HAL_NVIC_SetPriorityGrouping
 .text.HAL_NVIC_SetPriority
                0x080017e8       0x78 ./build/Debug/.obj/Drivers/STM32F4xx_HAL_Driver/Src/stm32f4xx_hal_cortex.o
                0x080017e8                HAL_NVIC_SetPriority
 .text.HAL_NVIC_EnableIRQ
                0x08001860       0x1c ./build/Debug/.obj/Drivers/STM32F4xx_HAL_Driver/Src/stm32f4xx_hal_cortex.o
                0x08001860                HAL_NVIC_EnableIRQ
 .text.HAL_CRC_Init
                0x0800187c       0x28 ./build/Debug/.obj/Drivers/STM32F4xx_HAL_Driver/Src/stm32f4xx_hal_crc.o
                0x0800187c                HAL_CRC_Init
 .text.HAL_DAC_Init
                0x080018a4       0x2c ./build/Debug/.obj/Drivers/STM32F4xx_HAL_Driver/Src/stm32f4xx_hal_dac.o
                0x080018a4                HAL_DAC_Init
 .text.HAL_DAC_ConfigChannel
                0x080018d0       0x4c ./build/Debug/.obj/Drivers/STM32F4xx_HAL_Driver/Src/stm32f4xx_hal_dac.o
                0x080018d0                HAL_DAC_ConfigChannel
 .text.HAL_DMA_Init
                0x0800191c      0x12c ./build/Debug/.obj/Drivers/STM32F4xx_HAL_Driver/Src/stm32f4xx_hal_dma.o
                0x0800191c                HAL_DMA_Init
 .text.HAL_DMA_Start_IT
                0x08001a48       0x78 ./build/Debug/.obj/Drivers/STM32F4xx_HAL_Driver/Src/stm32f4xx_hal_dma.o
                0x08001a48                HAL_DMA_Start_IT
 .text.HAL_DMA_Abort
                0x08001ac0       0x94 ./build/Debug/.obj/Drivers/STM32F4xx_HAL_Driver/Src/stm32f4xx_hal_dma.o
                0x08001ac0                HAL_DMA_Abort
 .text.HAL_DMA_Abort_IT
                0x08001b54       0x24 ./build/Debug/.obj/Drivers/STM32F4xx_HAL_Driver/Src/stm32f4xx_hal_dma.o
                0x08001b54                HAL_DMA_Abort_IT
 .text.HAL_DMA_IRQHandler
                0x08001b78      0x1ac ./build/Debug/.obj/Drivers/STM32F4xx_HAL_Driver/Src/stm32f4xx_hal_dma.o
                0x08001b78                HAL_DMA_IRQHandler
 .text.HAL_DMA_GetState
                0x08001d24        0x8 ./build/Debug/.obj/Drivers/STM32F4xx_HAL_Driver/Src/stm32f4xx_hal_dma.o
                0x08001d24                HAL_DMA_GetState
 .text.FLASH_SetErrorCode
                0x08001d2c       0x78 ./build/Debug/.obj/Drivers/STM32F4xx_HAL_Driver/Src/stm32f4xx_hal_flash.o
 .text.HAL_FLASH_EndOfOperationCallback
                0x08001da4        0x4 ./build/Debug/.obj/Drivers/STM32F4xx_HAL_Driver/Src/stm32f4xx_hal_flash.o
                0x08001da4                HAL_FLASH_EndOfOperationCallback
 .text.HAL_FLASH_OperationErrorCallback
                0x08001da8        0x4 ./build/Debug/.obj/Drivers/STM32F4xx_HAL_Driver/Src/stm32f4xx_hal_flash.o
                0x08001da8                HAL_FLASH_OperationErrorCallback
 .text.HAL_FLASH_IRQHandler
                0x08001dac       0xc8 ./build/Debug/.obj/Drivers/STM32F4xx_HAL_Driver/Src/stm32f4xx_hal_flash.o
                0x08001dac                HAL_FLASH_IRQHandler
 .text.FLASH_Erase_Sector
                0x08001e74       0x3c ./build/Debug/.obj/Drivers/STM32F4xx_HAL_Driver/Src/stm32f4xx_hal_flash_ex.o
                0x08001e74                FLASH_Erase_Sector
 .text.FLASH_FlushCaches
                0x08001eb0       0x58 ./build/Debug/.obj/Drivers/STM32F4xx_HAL_Driver/Src/stm32f4xx_hal_flash_ex.o
                0x08001eb0                FLASH_FlushCaches
 .text.HAL_GPIO_Init
                0x08001f08      0x23c ./build/Debug/.obj/Drivers/STM32F4xx_HAL_Driver/Src/stm32f4xx_hal_gpio.o
                0x08001f08                HAL_GPIO_Init
 .text.HAL_GPIO_ReadPin
                0x08002144        0xc ./build/Debug/.obj/Drivers/STM32F4xx_HAL_Driver/Src/stm32f4xx_hal_gpio.o
                0x08002144                HAL_GPIO_ReadPin
 .text.HAL_GPIO_WritePin
                0x08002150        0x8 ./build/Debug/.obj/Drivers/STM32F4xx_HAL_Driver/Src/stm32f4xx_hal_gpio.o
                0x08002150                HAL_GPIO_WritePin
 .text.HAL_GPIO_EXTI_IRQHandler
                0x08002158       0x18 ./build/Debug/.obj/Drivers/STM32F4xx_HAL_Driver/Src/stm32f4xx_hal_gpio.o
                0x08002158                HAL_GPIO_EXTI_IRQHandler
 .text.HAL_I2C_Init
                0x08002170      0x190 ./build/Debug/.obj/Drivers/STM32F4xx_HAL_Driver/Src/stm32f4xx_hal_i2c.o
                0x08002170                HAL_I2C_Init
 .text.HAL_I2C_MasterTxCpltCallback
                0x08002300        0x4 ./build/Debug/.obj/Drivers/STM32F4xx_HAL_Driver/Src/stm32f4xx_hal_i2c.o
                0x08002300                HAL_I2C_MasterTxCpltCallback
 .text.HAL_I2C_SlaveTxCpltCallback
                0x08002304        0x4 ./build/Debug/.obj/Drivers/STM32F4xx_HAL_Driver/Src/stm32f4xx_hal_i2c.o
                0x08002304                HAL_I2C_SlaveTxCpltCallback
 .text.HAL_I2C_SlaveRxCpltCallback
                0x08002308        0x4 ./build/Debug/.obj/Drivers/STM32F4xx_HAL_Driver/Src/stm32f4xx_hal_i2c.o
                0x08002308                HAL_I2C_SlaveRxCpltCallback
 .text.HAL_I2C_AddrCallback
                0x0800230c        0x4 ./build/Debug/.obj/Drivers/STM32F4xx_HAL_Driver/Src/stm32f4xx_hal_i2c.o
                0x0800230c                HAL_I2C_AddrCallback
 .text.HAL_I2C_ListenCpltCallback
                0x08002310        0x4 ./build/Debug/.obj/Drivers/STM32F4xx_HAL_Driver/Src/stm32f4xx_hal_i2c.o
                0x08002310                HAL_I2C_ListenCpltCallback
 .text.HAL_I2C_MemTxCpltCallback
                0x08002314        0x4 ./build/Debug/.obj/Drivers/STM32F4xx_HAL_Driver/Src/stm32f4xx_hal_i2c.o
                0x08002314                HAL_I2C_MemTxCpltCallback
 .text.I2C_MemoryTransmit_TXE_BTF
                0x08002318       0xbc ./build/Debug/.obj/Drivers/STM32F4xx_HAL_Driver/Src/stm32f4xx_hal_i2c.o
 .text.HAL_I2C_ErrorCallback
                0x080023d4        0x4 ./build/Debug/.obj/Drivers/STM32F4xx_HAL_Driver/Src/stm32f4xx_hal_i2c.o
                0x080023d4                HAL_I2C_ErrorCallback
 .text.HAL_I2C_AbortCpltCallback
                0x080023d8        0x4 ./build/Debug/.obj/Drivers/STM32F4xx_HAL_Driver/Src/stm32f4xx_hal_i2c.o
                0x080023d8                HAL_I2C_AbortCpltCallback
 .text.I2C_DMAAbort
                0x080023dc       0xf4 ./build/Debug/.obj/Drivers/STM32F4xx_HAL_Driver/Src/stm32f4xx_hal_i2c.o
 .text.I2C_ITError
                0x080024d0      0x16c ./build/Debug/.obj/Drivers/STM32F4xx_HAL_Driver/Src/stm32f4xx_hal_i2c.o
 .text.HAL_I2C_EV_IRQHandler
                0x0800263c      0x9a8 ./build/Debug/.obj/Drivers/STM32F4xx_HAL_Driver/Src/stm32f4xx_hal_i2c.o
                0x0800263c                HAL_I2C_EV_IRQHandler
 .text.HAL_I2C_ER_IRQHandler
                0x08002fe4      0x178 ./build/Debug/.obj/Drivers/STM32F4xx_HAL_Driver/Src/stm32f4xx_hal_i2c.o
                0x08002fe4                HAL_I2C_ER_IRQHandler
 .text.HAL_PCD_Init
                0x0800315c      0x110 ./build/Debug/.obj/Drivers/STM32F4xx_HAL_Driver/Src/stm32f4xx_hal_pcd.o
                0x0800315c                HAL_PCD_Init
 .text.HAL_PCD_Start
                0x0800326c       0x40 ./build/Debug/.obj/Drivers/STM32F4xx_HAL_Driver/Src/stm32f4xx_hal_pcd.o
                0x0800326c                HAL_PCD_Start
 .text.HAL_PCD_IRQHandler
                0x080032ac      0x740 ./build/Debug/.obj/Drivers/STM32F4xx_HAL_Driver/Src/stm32f4xx_hal_pcd.o
                0x080032ac                HAL_PCD_IRQHandler
 .text.HAL_PCD_SetAddress
                0x080039ec       0x28 ./build/Debug/.obj/Drivers/STM32F4xx_HAL_Driver/Src/stm32f4xx_hal_pcd.o
                0x080039ec                HAL_PCD_SetAddress
 .text.HAL_PCD_EP_Open
                0x08003a14       0x7c ./build/Debug/.obj/Drivers/STM32F4xx_HAL_Driver/Src/stm32f4xx_hal_pcd.o
                0x08003a14                HAL_PCD_EP_Open
 .text.HAL_PCD_EP_Close
                0x08003a90       0x68 ./build/Debug/.obj/Drivers/STM32F4xx_HAL_Driver/Src/stm32f4xx_hal_pcd.o
                0x08003a90                HAL_PCD_EP_Close
 .text.HAL_PCD_EP_Receive
                0x08003af8       0x50 ./build/Debug/.obj/Drivers/STM32F4xx_HAL_Driver/Src/stm32f4xx_hal_pcd.o
                0x08003af8                HAL_PCD_EP_Receive
 .text.HAL_PCD_EP_GetRxCount
                0x08003b48       0x14 ./build/Debug/.obj/Drivers/STM32F4xx_HAL_Driver/Src/stm32f4xx_hal_pcd.o
                0x08003b48                HAL_PCD_EP_GetRxCount
 .text.HAL_PCD_EP_Transmit
                0x08003b5c       0x50 ./build/Debug/.obj/Drivers/STM32F4xx_HAL_Driver/Src/stm32f4xx_hal_pcd.o
                0x08003b5c                HAL_PCD_EP_Transmit
 .text.HAL_PCD_EP_SetStall
                0x08003bac       0x88 ./build/Debug/.obj/Drivers/STM32F4xx_HAL_Driver/Src/stm32f4xx_hal_pcd.o
                0x08003bac                HAL_PCD_EP_SetStall
 .text.HAL_PCD_EP_ClrStall
                0x08003c34       0x70 ./build/Debug/.obj/Drivers/STM32F4xx_HAL_Driver/Src/stm32f4xx_hal_pcd.o
                0x08003c34                HAL_PCD_EP_ClrStall
 .text.HAL_PCDEx_SetTxFiFo
                0x08003ca4       0x4c ./build/Debug/.obj/Drivers/STM32F4xx_HAL_Driver/Src/stm32f4xx_hal_pcd_ex.o
                0x08003ca4                HAL_PCDEx_SetTxFiFo
 .text.HAL_PCDEx_SetRxFiFo
                0x08003cf0        0x8 ./build/Debug/.obj/Drivers/STM32F4xx_HAL_Driver/Src/stm32f4xx_hal_pcd_ex.o
                0x08003cf0                HAL_PCDEx_SetRxFiFo
 .text.HAL_PCDEx_LPM_Callback
                0x08003cf8        0x4 ./build/Debug/.obj/Drivers/STM32F4xx_HAL_Driver/Src/stm32f4xx_hal_pcd_ex.o
                0x08003cf8                HAL_PCDEx_LPM_Callback
 .text.HAL_RCC_OscConfig
                0x08003cfc      0x3c4 ./build/Debug/.obj/Drivers/STM32F4xx_HAL_Driver/Src/stm32f4xx_hal_rcc.o
                0x08003cfc                HAL_RCC_OscConfig
 .text.HAL_RCC_GetSysClockFreq
                0x080040c0       0x68 ./build/Debug/.obj/Drivers/STM32F4xx_HAL_Driver/Src/stm32f4xx_hal_rcc.o
                0x080040c0                HAL_RCC_GetSysClockFreq
 .text.HAL_RCC_ClockConfig
                0x08004128      0x13c ./build/Debug/.obj/Drivers/STM32F4xx_HAL_Driver/Src/stm32f4xx_hal_rcc.o
                0x08004128                HAL_RCC_ClockConfig
 .text.HAL_RCC_GetHCLKFreq
                0x08004264        0xc ./build/Debug/.obj/Drivers/STM32F4xx_HAL_Driver/Src/stm32f4xx_hal_rcc.o
                0x08004264                HAL_RCC_GetHCLKFreq
 .text.HAL_RCC_GetPCLK1Freq
                0x08004270       0x20 ./build/Debug/.obj/Drivers/STM32F4xx_HAL_Driver/Src/stm32f4xx_hal_rcc.o
                0x08004270                HAL_RCC_GetPCLK1Freq
 .text.HAL_RCC_GetPCLK2Freq
                0x08004290       0x20 ./build/Debug/.obj/Drivers/STM32F4xx_HAL_Driver/Src/stm32f4xx_hal_rcc.o
                0x08004290                HAL_RCC_GetPCLK2Freq
 .text.HAL_RCC_GetClockConfig
                0x080042b0       0x44 ./build/Debug/.obj/Drivers/STM32F4xx_HAL_Driver/Src/stm32f4xx_hal_rcc.o
                0x080042b0                HAL_RCC_GetClockConfig
 .text.HAL_RCCEx_PeriphCLKConfig
                0x080042f4      0x13c ./build/Debug/.obj/Drivers/STM32F4xx_HAL_Driver/Src/stm32f4xx_hal_rcc_ex.o
                0x080042f4                HAL_RCCEx_PeriphCLKConfig
 .text.HAL_RNG_Init
                0x08004430       0x34 ./build/Debug/.obj/Drivers/STM32F4xx_HAL_Driver/Src/stm32f4xx_hal_rng.o
                0x08004430                HAL_RNG_Init
 .text.RTC_EnterInitMode
                0x08004464       0x44 ./build/Debug/.obj/Drivers/STM32F4xx_HAL_Driver/Src/stm32f4xx_hal_rtc.o
                0x08004464                RTC_EnterInitMode
 .text.RTC_ExitInitMode
                0x080044a8       0x44 ./build/Debug/.obj/Drivers/STM32F4xx_HAL_Driver/Src/stm32f4xx_hal_rtc.o
                0x080044a8                RTC_ExitInitMode
 .text.HAL_RTC_Init
                0x080044ec       0x8c ./build/Debug/.obj/Drivers/STM32F4xx_HAL_Driver/Src/stm32f4xx_hal_rtc.o
                0x080044ec                HAL_RTC_Init
 .text.SPI_WaitFlagStateUntilTimeout.constprop.0
                0x08004578       0xb8 ./build/Debug/.obj/Drivers/STM32F4xx_HAL_Driver/Src/stm32f4xx_hal_spi.o
 .text.SPI_EndRxTransaction
                0x08004630       0x78 ./build/Debug/.obj/Drivers/STM32F4xx_HAL_Driver/Src/stm32f4xx_hal_spi.o
 .text.SPI_EndRxTxTransaction
                0x080046a8       0x64 ./build/Debug/.obj/Drivers/STM32F4xx_HAL_Driver/Src/stm32f4xx_hal_spi.o
 .text.HAL_SPI_Init
                0x0800470c       0xc4 ./build/Debug/.obj/Drivers/STM32F4xx_HAL_Driver/Src/stm32f4xx_hal_spi.o
                0x0800470c                HAL_SPI_Init
 .text.HAL_SPI_TransmitReceive
                0x080047d0      0x1e8 ./build/Debug/.obj/Drivers/STM32F4xx_HAL_Driver/Src/stm32f4xx_hal_spi.o
                0x080047d0                HAL_SPI_TransmitReceive
 .text.HAL_SPI_TransmitReceive_IT
                0x080049b8       0xd0 ./build/Debug/.obj/Drivers/STM32F4xx_HAL_Driver/Src/stm32f4xx_hal_spi.o
                0x080049b8                HAL_SPI_TransmitReceive_IT
 .text.HAL_SPI_TransmitReceive_DMA
                0x08004a88      0x10c ./build/Debug/.obj/Drivers/STM32F4xx_HAL_Driver/Src/stm32f4xx_hal_spi.o
                0x08004a88                HAL_SPI_TransmitReceive_DMA
 .text.HAL_SPI_RxHalfCpltCallback
                0x08004b94        0x4 ./build/Debug/.obj/Drivers/STM32F4xx_HAL_Driver/Src/stm32f4xx_hal_spi.o
                0x08004b94                HAL_SPI_RxHalfCpltCallback
 .text.SPI_DMAHalfReceiveCplt
                0x08004b98        0xc ./build/Debug/.obj/Drivers/STM32F4xx_HAL_Driver/Src/stm32f4xx_hal_spi.o
 .text.HAL_SPI_TxRxHalfCpltCallback
                0x08004ba4        0x4 ./build/Debug/.obj/Drivers/STM32F4xx_HAL_Driver/Src/stm32f4xx_hal_spi.o
                0x08004ba4                HAL_SPI_TxRxHalfCpltCallback
 .text.SPI_DMAHalfTransmitReceiveCplt
                0x08004ba8        0xc ./build/Debug/.obj/Drivers/STM32F4xx_HAL_Driver/Src/stm32f4xx_hal_spi.o
 .text.HAL_SPI_ErrorCallback
                0x08004bb4        0x4 ./build/Debug/.obj/Drivers/STM32F4xx_HAL_Driver/Src/stm32f4xx_hal_spi.o
                0x08004bb4                HAL_SPI_ErrorCallback
 .text.SPI_CloseRxTx_ISR
                0x08004bb8       0xa8 ./build/Debug/.obj/Drivers/STM32F4xx_HAL_Driver/Src/stm32f4xx_hal_spi.o
 .text.SPI_2linesTxISR_8BIT
                0x08004c60       0x34 ./build/Debug/.obj/Drivers/STM32F4xx_HAL_Driver/Src/stm32f4xx_hal_spi.o
 .text.SPI_2linesRxISR_8BIT
                0x08004c94       0x34 ./build/Debug/.obj/Drivers/STM32F4xx_HAL_Driver/Src/stm32f4xx_hal_spi.o
 .text.SPI_2linesTxISR_16BIT
                0x08004cc8       0x38 ./build/Debug/.obj/Drivers/STM32F4xx_HAL_Driver/Src/stm32f4xx_hal_spi.o
 .text.SPI_2linesRxISR_16BIT
                0x08004d00       0x38 ./build/Debug/.obj/Drivers/STM32F4xx_HAL_Driver/Src/stm32f4xx_hal_spi.o
 .text.SPI_DMAError
                0x08004d38       0x24 ./build/Debug/.obj/Drivers/STM32F4xx_HAL_Driver/Src/stm32f4xx_hal_spi.o
 .text.SPI_DMAReceiveCplt
                0x08004d5c       0x6c ./build/Debug/.obj/Drivers/STM32F4xx_HAL_Driver/Src/stm32f4xx_hal_spi.o
 .text.SPI_DMATransmitReceiveCplt
                0x08004dc8       0x5c ./build/Debug/.obj/Drivers/STM32F4xx_HAL_Driver/Src/stm32f4xx_hal_spi.o
 .text.HAL_SPI_IRQHandler
                0x08004e24      0x104 ./build/Debug/.obj/Drivers/STM32F4xx_HAL_Driver/Src/stm32f4xx_hal_spi.o
                0x08004e24                HAL_SPI_IRQHandler
 .text.SPI_DMAAbortOnError
                0x08004f28       0x10 ./build/Debug/.obj/Drivers/STM32F4xx_HAL_Driver/Src/stm32f4xx_hal_spi.o
 .text.TIM_OC1_SetConfig
                0x08004f38       0x60 ./build/Debug/.obj/Drivers/STM32F4xx_HAL_Driver/Src/stm32f4xx_hal_tim.o
 .text.TIM_OC3_SetConfig
                0x08004f98       0x64 ./build/Debug/.obj/Drivers/STM32F4xx_HAL_Driver/Src/stm32f4xx_hal_tim.o
 .text.TIM_OC4_SetConfig
                0x08004ffc       0x50 ./build/Debug/.obj/Drivers/STM32F4xx_HAL_Driver/Src/stm32f4xx_hal_tim.o
 .text.HAL_TIM_Base_Start_IT
                0x0800504c       0x74 ./build/Debug/.obj/Drivers/STM32F4xx_HAL_Driver/Src/stm32f4xx_hal_tim.o
                0x0800504c                HAL_TIM_Base_Start_IT
 .text.HAL_TIM_OC_MspInit
                0x080050c0        0x4 ./build/Debug/.obj/Drivers/STM32F4xx_HAL_Driver/Src/stm32f4xx_hal_tim.o
                0x080050c0                HAL_TIM_OC_MspInit
 .text.HAL_TIM_OC_Start
                0x080050c4       0xcc ./build/Debug/.obj/Drivers/STM32F4xx_HAL_Driver/Src/stm32f4xx_hal_tim.o
                0x080050c4                HAL_TIM_OC_Start
 .text.HAL_TIM_PWM_MspInit
                0x08005190        0x4 ./build/Debug/.obj/Drivers/STM32F4xx_HAL_Driver/Src/stm32f4xx_hal_tim.o
                0x08005190                HAL_TIM_PWM_MspInit
 .text.HAL_TIM_PWM_Start
                0x08005194        0x4 ./build/Debug/.obj/Drivers/STM32F4xx_HAL_Driver/Src/stm32f4xx_hal_tim.o
                0x08005194                HAL_TIM_PWM_Start
 .text.HAL_TIM_ConfigClockSource
                0x08005198      0x154 ./build/Debug/.obj/Drivers/STM32F4xx_HAL_Driver/Src/stm32f4xx_hal_tim.o
                0x08005198                HAL_TIM_ConfigClockSource
 .text.HAL_TIM_OC_DelayElapsedCallback
                0x080052ec        0x4 ./build/Debug/.obj/Drivers/STM32F4xx_HAL_Driver/Src/stm32f4xx_hal_tim.o
                0x080052ec                HAL_TIM_OC_DelayElapsedCallback
 .text.HAL_TIM_IC_CaptureCallback
                0x080052f0        0x4 ./build/Debug/.obj/Drivers/STM32F4xx_HAL_Driver/Src/stm32f4xx_hal_tim.o
                0x080052f0                HAL_TIM_IC_CaptureCallback
 .text.HAL_TIM_TriggerCallback
                0x080052f4        0x4 ./build/Debug/.obj/Drivers/STM32F4xx_HAL_Driver/Src/stm32f4xx_hal_tim.o
                0x080052f4                HAL_TIM_TriggerCallback
 .text.HAL_TIM_IRQHandler
                0x080052f8      0x154 ./build/Debug/.obj/Drivers/STM32F4xx_HAL_Driver/Src/stm32f4xx_hal_tim.o
                0x080052f8                HAL_TIM_IRQHandler
 .text.TIM_Base_SetConfig
                0x0800544c       0xe0 ./build/Debug/.obj/Drivers/STM32F4xx_HAL_Driver/Src/stm32f4xx_hal_tim.o
                0x0800544c                TIM_Base_SetConfig
 .text.HAL_TIM_Base_Init
                0x0800552c       0x5c ./build/Debug/.obj/Drivers/STM32F4xx_HAL_Driver/Src/stm32f4xx_hal_tim.o
                0x0800552c                HAL_TIM_Base_Init
 .text.HAL_TIM_OC_Init
                0x08005588       0x5c ./build/Debug/.obj/Drivers/STM32F4xx_HAL_Driver/Src/stm32f4xx_hal_tim.o
                0x08005588                HAL_TIM_OC_Init
 .text.HAL_TIM_PWM_Init
                0x080055e4       0x5c ./build/Debug/.obj/Drivers/STM32F4xx_HAL_Driver/Src/stm32f4xx_hal_tim.o
                0x080055e4                HAL_TIM_PWM_Init
 .text.TIM_OC2_SetConfig
                0x08005640       0x64 ./build/Debug/.obj/Drivers/STM32F4xx_HAL_Driver/Src/stm32f4xx_hal_tim.o
                0x08005640                TIM_OC2_SetConfig
 .text.HAL_TIM_OC_ConfigChannel
                0x080056a4       0x58 ./build/Debug/.obj/Drivers/STM32F4xx_HAL_Driver/Src/stm32f4xx_hal_tim.o
                0x080056a4                HAL_TIM_OC_ConfigChannel
 .text.HAL_TIM_PWM_ConfigChannel
                0x080056fc       0xc0 ./build/Debug/.obj/Drivers/STM32F4xx_HAL_Driver/Src/stm32f4xx_hal_tim.o
                0x080056fc                HAL_TIM_PWM_ConfigChannel
 .text.HAL_TIMEx_MasterConfigSynchronization
                0x080057bc       0x80 ./build/Debug/.obj/Drivers/STM32F4xx_HAL_Driver/Src/stm32f4xx_hal_tim_ex.o
                0x080057bc                HAL_TIMEx_MasterConfigSynchronization
 .text.HAL_TIMEx_ConfigBreakDeadTime
                0x0800583c       0x54 ./build/Debug/.obj/Drivers/STM32F4xx_HAL_Driver/Src/stm32f4xx_hal_tim_ex.o
                0x0800583c                HAL_TIMEx_ConfigBreakDeadTime
 .text.HAL_TIMEx_CommutCallback
                0x08005890        0x4 ./build/Debug/.obj/Drivers/STM32F4xx_HAL_Driver/Src/stm32f4xx_hal_tim_ex.o
                0x08005890                HAL_TIMEx_CommutCallback
 .text.HAL_TIMEx_BreakCallback
                0x08005894        0x4 ./build/Debug/.obj/Drivers/STM32F4xx_HAL_Driver/Src/stm32f4xx_hal_tim_ex.o
                0x08005894                HAL_TIMEx_BreakCallback
 .text.UART_EndRxTransfer
                0x08005898       0x60 ./build/Debug/.obj/Drivers/STM32F4xx_HAL_Driver/Src/stm32f4xx_hal_uart.o
 .text.UART_SetConfig
                0x080058f8       0xcc ./build/Debug/.obj/Drivers/STM32F4xx_HAL_Driver/Src/stm32f4xx_hal_uart.o
 .text.HAL_UART_Init
                0x080059c4       0x60 ./build/Debug/.obj/Drivers/STM32F4xx_HAL_Driver/Src/stm32f4xx_hal_uart.o
                0x080059c4                HAL_UART_Init
 .text.HAL_UART_TxCpltCallback
                0x08005a24        0x4 ./build/Debug/.obj/Drivers/STM32F4xx_HAL_Driver/Src/stm32f4xx_hal_uart.o
                0x08005a24                HAL_UART_TxCpltCallback
 .text.HAL_UART_RxCpltCallback
                0x08005a28        0x4 ./build/Debug/.obj/Drivers/STM32F4xx_HAL_Driver/Src/stm32f4xx_hal_uart.o
                0x08005a28                HAL_UART_RxCpltCallback
 .text.HAL_UART_RxHalfCpltCallback
                0x08005a2c        0x4 ./build/Debug/.obj/Drivers/STM32F4xx_HAL_Driver/Src/stm32f4xx_hal_uart.o
                0x08005a2c                HAL_UART_RxHalfCpltCallback
 .text.UART_DMAError
                0x08005a30       0x68 ./build/Debug/.obj/Drivers/STM32F4xx_HAL_Driver/Src/stm32f4xx_hal_uart.o
 .text.UART_DMAAbortOnError
                0x08005a98       0x10 ./build/Debug/.obj/Drivers/STM32F4xx_HAL_Driver/Src/stm32f4xx_hal_uart.o
 .text.UART_DMARxHalfCplt
                0x08005aa8       0x1c ./build/Debug/.obj/Drivers/STM32F4xx_HAL_Driver/Src/stm32f4xx_hal_uart.o
 .text.UART_DMAReceiveCplt
                0x08005ac4       0x94 ./build/Debug/.obj/Drivers/STM32F4xx_HAL_Driver/Src/stm32f4xx_hal_uart.o
 .text.UART_Receive_IT.isra.0
                0x08005b58       0xc4 ./build/Debug/.obj/Drivers/STM32F4xx_HAL_Driver/Src/stm32f4xx_hal_uart.o
 .text.HAL_UART_IRQHandler
                0x08005c1c      0x304 ./build/Debug/.obj/Drivers/STM32F4xx_HAL_Driver/Src/stm32f4xx_hal_uart.o
                0x08005c1c                HAL_UART_IRQHandler
 .text.UART_Start_Receive_DMA
                0x08005f20       0xa0 ./build/Debug/.obj/Drivers/STM32F4xx_HAL_Driver/Src/stm32f4xx_hal_uart.o
                0x08005f20                UART_Start_Receive_DMA
 .text.HAL_UARTEx_ReceiveToIdle_DMA
                0x08005fc0       0x6c ./build/Debug/.obj/Drivers/STM32F4xx_HAL_Driver/Src/stm32f4xx_hal_uart.o
                0x08005fc0                HAL_UARTEx_ReceiveToIdle_DMA
 .text.USB_CoreReset
                0x0800602c       0x54 ./build/Debug/.obj/Drivers/STM32F4xx_HAL_Driver/Src/stm32f4xx_ll_usb.o
 .text.USB_CoreInit
                0x08006080       0x88 ./build/Debug/.obj/Drivers/STM32F4xx_HAL_Driver/Src/stm32f4xx_ll_usb.o
                0x08006080                USB_CoreInit
 .text.USB_SetTurnaroundTime
                0x08006108       0xf4 ./build/Debug/.obj/Drivers/STM32F4xx_HAL_Driver/Src/stm32f4xx_ll_usb.o
                0x08006108                USB_SetTurnaroundTime
 .text.USB_EnableGlobalInt
                0x080061fc       0x10 ./build/Debug/.obj/Drivers/STM32F4xx_HAL_Driver/Src/stm32f4xx_ll_usb.o
                0x080061fc                USB_EnableGlobalInt
 .text.USB_DisableGlobalInt
                0x0800620c       0x10 ./build/Debug/.obj/Drivers/STM32F4xx_HAL_Driver/Src/stm32f4xx_ll_usb.o
                0x0800620c                USB_DisableGlobalInt
 .text.USB_SetCurrentMode
                0x0800621c       0x70 ./build/Debug/.obj/Drivers/STM32F4xx_HAL_Driver/Src/stm32f4xx_ll_usb.o
                0x0800621c                USB_SetCurrentMode
 .text.USB_FlushTxFifo
                0x0800628c       0x54 ./build/Debug/.obj/Drivers/STM32F4xx_HAL_Driver/Src/stm32f4xx_ll_usb.o
                0x0800628c                USB_FlushTxFifo
 .text.USB_FlushRxFifo
                0x080062e0       0x50 ./build/Debug/.obj/Drivers/STM32F4xx_HAL_Driver/Src/stm32f4xx_ll_usb.o
                0x080062e0                USB_FlushRxFifo
 .text.USB_DevInit
                0x08006330      0x1a0 ./build/Debug/.obj/Drivers/STM32F4xx_HAL_Driver/Src/stm32f4xx_ll_usb.o
                0x08006330                USB_DevInit
 .text.USB_GetDevSpeed
                0x080064d0       0x18 ./build/Debug/.obj/Drivers/STM32F4xx_HAL_Driver/Src/stm32f4xx_ll_usb.o
                0x080064d0                USB_GetDevSpeed
 .text.USB_ActivateEndpoint
                0x080064e8       0x90 ./build/Debug/.obj/Drivers/STM32F4xx_HAL_Driver/Src/stm32f4xx_ll_usb.o
                0x080064e8                USB_ActivateEndpoint
 .text.USB_DeactivateEndpoint
                0x08006578       0xc4 ./build/Debug/.obj/Drivers/STM32F4xx_HAL_Driver/Src/stm32f4xx_ll_usb.o
                0x08006578                USB_DeactivateEndpoint
 .text.USB_EPStartXfer
                0x0800663c      0x224 ./build/Debug/.obj/Drivers/STM32F4xx_HAL_Driver/Src/stm32f4xx_ll_usb.o
                0x0800663c                USB_EPStartXfer
 .text.USB_EP0StartXfer
                0x08006860      0x100 ./build/Debug/.obj/Drivers/STM32F4xx_HAL_Driver/Src/stm32f4xx_ll_usb.o
                0x08006860                USB_EP0StartXfer
 .text.USB_EPStopXfer
                0x08006960       0x94 ./build/Debug/.obj/Drivers/STM32F4xx_HAL_Driver/Src/stm32f4xx_ll_usb.o
                0x08006960                USB_EPStopXfer
 .text.USB_WritePacket
                0x080069f4       0x2c ./build/Debug/.obj/Drivers/STM32F4xx_HAL_Driver/Src/stm32f4xx_ll_usb.o
                0x080069f4                USB_WritePacket
 .text.USB_ReadPacket
                0x08006a20       0x48 ./build/Debug/.obj/Drivers/STM32F4xx_HAL_Driver/Src/stm32f4xx_ll_usb.o
                0x08006a20                USB_ReadPacket
 .text.USB_EPSetStall
                0x08006a68       0x5c ./build/Debug/.obj/Drivers/STM32F4xx_HAL_Driver/Src/stm32f4xx_ll_usb.o
                0x08006a68                USB_EPSetStall
 .text.USB_EPClearStall
                0x08006ac4       0x58 ./build/Debug/.obj/Drivers/STM32F4xx_HAL_Driver/Src/stm32f4xx_ll_usb.o
                0x08006ac4                USB_EPClearStall
 .text.USB_SetDevAddress
                0x08006b1c       0x20 ./build/Debug/.obj/Drivers/STM32F4xx_HAL_Driver/Src/stm32f4xx_ll_usb.o
                0x08006b1c                USB_SetDevAddress
 .text.USB_DevConnect
                0x08006b3c       0x20 ./build/Debug/.obj/Drivers/STM32F4xx_HAL_Driver/Src/stm32f4xx_ll_usb.o
                0x08006b3c                USB_DevConnect
 .text.USB_DevDisconnect
                0x08006b5c       0x20 ./build/Debug/.obj/Drivers/STM32F4xx_HAL_Driver/Src/stm32f4xx_ll_usb.o
                0x08006b5c                USB_DevDisconnect
 .text.USB_ReadInterrupts
                0x08006b7c        0x8 ./build/Debug/.obj/Drivers/STM32F4xx_HAL_Driver/Src/stm32f4xx_ll_usb.o
                0x08006b7c                USB_ReadInterrupts
 .text.USB_ReadDevAllOutEpInterrupt
                0x08006b84       0x10 ./build/Debug/.obj/Drivers/STM32F4xx_HAL_Driver/Src/stm32f4xx_ll_usb.o
                0x08006b84                USB_ReadDevAllOutEpInterrupt
 .text.USB_ReadDevAllInEpInterrupt
                0x08006b94       0x10 ./build/Debug/.obj/Drivers/STM32F4xx_HAL_Driver/Src/stm32f4xx_ll_usb.o
                0x08006b94                USB_ReadDevAllInEpInterrupt
 .text.USB_ReadDevOutEPInterrupt
                0x08006ba4       0x14 ./build/Debug/.obj/Drivers/STM32F4xx_HAL_Driver/Src/stm32f4xx_ll_usb.o
                0x08006ba4                USB_ReadDevOutEPInterrupt
 .text.USB_ReadDevInEPInterrupt
                0x08006bb8       0x20 ./build/Debug/.obj/Drivers/STM32F4xx_HAL_Driver/Src/stm32f4xx_ll_usb.o
                0x08006bb8                USB_ReadDevInEPInterrupt
 .text.USB_GetMode
                0x08006bd8        0x8 ./build/Debug/.obj/Drivers/STM32F4xx_HAL_Driver/Src/stm32f4xx_ll_usb.o
                0x08006bd8                USB_GetMode
 .text.USB_ActivateSetup
                0x08006be0       0x24 ./build/Debug/.obj/Drivers/STM32F4xx_HAL_Driver/Src/stm32f4xx_ll_usb.o
                0x08006be0                USB_ActivateSetup
 .text.USB_EP0_OutStart
                0x08006c04       0x50 ./build/Debug/.obj/Drivers/STM32F4xx_HAL_Driver/Src/stm32f4xx_ll_usb.o
                0x08006c04                USB_EP0_OutStart
 .text.USBD_CDC_EP0_RxReady
                0x08006c54       0x38 ./build/Debug/.obj/Middlewares/ST/STM32_USB_Device_Library/Class/CDC/Src/usbd_cdc.o
 .text.USBD_CDC_GetDeviceQualifierDescriptor
                0x08006c8c        0xc ./build/Debug/.obj/Middlewares/ST/STM32_USB_Device_Library/Class/CDC/Src/usbd_cdc.o
                0x08006c8c                USBD_CDC_GetDeviceQualifierDescriptor
 .text.USBD_CDC_GetFSCfgDesc
                0x08006c98       0x48 ./build/Debug/.obj/Middlewares/ST/STM32_USB_Device_Library/Class/CDC/Src/usbd_cdc.o
 .text.USBD_CDC_GetOtherSpeedCfgDesc
                0x08006ce0        0x4 ./build/Debug/.obj/Middlewares/ST/STM32_USB_Device_Library/Class/CDC/Src/usbd_cdc.o
 .text.USBD_CDC_GetHSCfgDesc
                0x08006ce4       0x48 ./build/Debug/.obj/Middlewares/ST/STM32_USB_Device_Library/Class/CDC/Src/usbd_cdc.o
 .text.USBD_CDC_DataOut
                0x08006d2c       0x38 ./build/Debug/.obj/Middlewares/ST/STM32_USB_Device_Library/Class/CDC/Src/usbd_cdc.o
 .text.USBD_CDC_DataIn
                0x08006d64       0x6c ./build/Debug/.obj/Middlewares/ST/STM32_USB_Device_Library/Class/CDC/Src/usbd_cdc.o
 .text.USBD_CDC_Setup
                0x08006dd0       0xfc ./build/Debug/.obj/Middlewares/ST/STM32_USB_Device_Library/Class/CDC/Src/usbd_cdc.o
 .text.USBD_CDC_DeInit
                0x08006ecc       0x5c ./build/Debug/.obj/Middlewares/ST/STM32_USB_Device_Library/Class/CDC/Src/usbd_cdc.o
 .text.USBD_CDC_Init
                0x08006f28       0xd8 ./build/Debug/.obj/Middlewares/ST/STM32_USB_Device_Library/Class/CDC/Src/usbd_cdc.o
 .text.USBD_CDC_RegisterInterface
                0x08007000       0x18 ./build/Debug/.obj/Middlewares/ST/STM32_USB_Device_Library/Class/CDC/Src/usbd_cdc.o
                0x08007000                USBD_CDC_RegisterInterface
 .text.USBD_CDC_SetTxBuffer
                0x08007018       0x1c ./build/Debug/.obj/Middlewares/ST/STM32_USB_Device_Library/Class/CDC/Src/usbd_cdc.o
                0x08007018                USBD_CDC_SetTxBuffer
 .text.USBD_CDC_SetRxBuffer
                0x08007034       0x18 ./build/Debug/.obj/Middlewares/ST/STM32_USB_Device_Library/Class/CDC/Src/usbd_cdc.o
                0x08007034                USBD_CDC_SetRxBuffer
 .text.USBD_CDC_ReceivePacket
                0x0800704c       0x34 ./build/Debug/.obj/Middlewares/ST/STM32_USB_Device_Library/Class/CDC/Src/usbd_cdc.o
                0x0800704c                USBD_CDC_ReceivePacket
 .text.USBD_Init
                0x08007080       0x28 ./build/Debug/.obj/Middlewares/ST/STM32_USB_Device_Library/Core/Src/usbd_core.o
                0x08007080                USBD_Init
 .text.USBD_RegisterClass
                0x080070a8       0x38 ./build/Debug/.obj/Middlewares/ST/STM32_USB_Device_Library/Core/Src/usbd_core.o
                0x080070a8                USBD_RegisterClass
 .text.USBD_Start
                0x080070e0        0x4 ./build/Debug/.obj/Middlewares/ST/STM32_USB_Device_Library/Core/Src/usbd_core.o
                0x080070e0                USBD_Start
 .text.USBD_SetClassConfig
                0x080070e4       0x10 ./build/Debug/.obj/Middlewares/ST/STM32_USB_Device_Library/Core/Src/usbd_core.o
                0x080070e4                USBD_SetClassConfig
 .text.USBD_ClrClassConfig
                0x080070f4       0x14 ./build/Debug/.obj/Middlewares/ST/STM32_USB_Device_Library/Core/Src/usbd_core.o
                0x080070f4                USBD_ClrClassConfig
 .text.USBD_LL_SetupStage
                0x08007108       0x60 ./build/Debug/.obj/Middlewares/ST/STM32_USB_Device_Library/Core/Src/usbd_core.o
                0x08007108                USBD_LL_SetupStage
 .text.USBD_LL_DataOutStage
                0x08007168       0x74 ./build/Debug/.obj/Middlewares/ST/STM32_USB_Device_Library/Core/Src/usbd_core.o
                0x08007168                USBD_LL_DataOutStage
 .text.USBD_LL_DataInStage
                0x080071dc       0xb4 ./build/Debug/.obj/Middlewares/ST/STM32_USB_Device_Library/Core/Src/usbd_core.o
                0x080071dc                USBD_LL_DataInStage
 .text.USBD_LL_Reset
                0x08007290       0x5c ./build/Debug/.obj/Middlewares/ST/STM32_USB_Device_Library/Core/Src/usbd_core.o
                0x08007290                USBD_LL_Reset
 .text.USBD_LL_SetSpeed
                0x080072ec        0x8 ./build/Debug/.obj/Middlewares/ST/STM32_USB_Device_Library/Core/Src/usbd_core.o
                0x080072ec                USBD_LL_SetSpeed
 .text.USBD_LL_Suspend
                0x080072f4       0x18 ./build/Debug/.obj/Middlewares/ST/STM32_USB_Device_Library/Core/Src/usbd_core.o
                0x080072f4                USBD_LL_Suspend
 .text.USBD_LL_Resume
                0x0800730c       0x18 ./build/Debug/.obj/Middlewares/ST/STM32_USB_Device_Library/Core/Src/usbd_core.o
                0x0800730c                USBD_LL_Resume
 .text.USBD_LL_SOF
                0x08007324       0x20 ./build/Debug/.obj/Middlewares/ST/STM32_USB_Device_Library/Core/Src/usbd_core.o
                0x08007324                USBD_LL_SOF
 .text.USBD_LL_IsoINIncomplete
                0x08007344       0x2c ./build/Debug/.obj/Middlewares/ST/STM32_USB_Device_Library/Core/Src/usbd_core.o
                0x08007344                USBD_LL_IsoINIncomplete
 .text.USBD_LL_IsoOUTIncomplete
                0x08007370       0x2c ./build/Debug/.obj/Middlewares/ST/STM32_USB_Device_Library/Core/Src/usbd_core.o
                0x08007370                USBD_LL_IsoOUTIncomplete
 .text.USBD_LL_DevConnected
                0x0800739c        0x4 ./build/Debug/.obj/Middlewares/ST/STM32_USB_Device_Library/Core/Src/usbd_core.o
                0x0800739c                USBD_LL_DevConnected
 .text.USBD_LL_DevDisconnected
                0x080073a0       0x24 ./build/Debug/.obj/Middlewares/ST/STM32_USB_Device_Library/Core/Src/usbd_core.o
                0x080073a0                USBD_LL_DevDisconnected
 .text.USBD_CoreFindIF
                0x080073c4        0x4 ./build/Debug/.obj/Middlewares/ST/STM32_USB_Device_Library/Core/Src/usbd_core.o
                0x080073c4                USBD_CoreFindIF
 .text.USBD_CoreFindEP
                0x080073c8        0x4 ./build/Debug/.obj/Middlewares/ST/STM32_USB_Device_Library/Core/Src/usbd_core.o
                0x080073c8                USBD_CoreFindEP
 .text.USBD_GetEpDesc
                0x080073cc       0x2c ./build/Debug/.obj/Middlewares/ST/STM32_USB_Device_Library/Core/Src/usbd_core.o
                0x080073cc                USBD_GetEpDesc
 .text.USBD_StdDevReq
                0x080073f8      0x354 ./build/Debug/.obj/Middlewares/ST/STM32_USB_Device_Library/Core/Src/usbd_ctlreq.o
                0x080073f8                USBD_StdDevReq
 .text.USBD_StdItfReq
                0x0800774c       0x78 ./build/Debug/.obj/Middlewares/ST/STM32_USB_Device_Library/Core/Src/usbd_ctlreq.o
                0x0800774c                USBD_StdItfReq
 .text.USBD_StdEPReq
                0x080077c4      0x158 ./build/Debug/.obj/Middlewares/ST/STM32_USB_Device_Library/Core/Src/usbd_ctlreq.o
                0x080077c4                USBD_StdEPReq
 .text.USBD_ParseSetupRequest
                0x0800791c       0x18 ./build/Debug/.obj/Middlewares/ST/STM32_USB_Device_Library/Core/Src/usbd_ctlreq.o
                0x0800791c                USBD_ParseSetupRequest
 .text.USBD_CtlError
                0x08007934       0x18 ./build/Debug/.obj/Middlewares/ST/STM32_USB_Device_Library/Core/Src/usbd_ctlreq.o
                0x08007934                USBD_CtlError
 .text.USBD_GetString
                0x0800794c       0x50 ./build/Debug/.obj/Middlewares/ST/STM32_USB_Device_Library/Core/Src/usbd_ctlreq.o
                0x0800794c                USBD_GetString
 .text.USBD_CtlSendData
                0x0800799c       0x1c ./build/Debug/.obj/Middlewares/ST/STM32_USB_Device_Library/Core/Src/usbd_ioreq.o
                0x0800799c                USBD_CtlSendData
 .text.USBD_CtlContinueSendData
                0x080079b8       0x10 ./build/Debug/.obj/Middlewares/ST/STM32_USB_Device_Library/Core/Src/usbd_ioreq.o
                0x080079b8                USBD_CtlContinueSendData
 .text.USBD_CtlPrepareRx
                0x080079c8       0x20 ./build/Debug/.obj/Middlewares/ST/STM32_USB_Device_Library/Core/Src/usbd_ioreq.o
                0x080079c8                USBD_CtlPrepareRx
 .text.USBD_CtlContinueRx
                0x080079e8       0x10 ./build/Debug/.obj/Middlewares/ST/STM32_USB_Device_Library/Core/Src/usbd_ioreq.o
                0x080079e8                USBD_CtlContinueRx
 .text.USBD_CtlSendStatus
                0x080079f8       0x18 ./build/Debug/.obj/Middlewares/ST/STM32_USB_Device_Library/Core/Src/usbd_ioreq.o
                0x080079f8                USBD_CtlSendStatus
 .text.USBD_CtlReceiveStatus
                0x08007a10       0x18 ./build/Debug/.obj/Middlewares/ST/STM32_USB_Device_Library/Core/Src/usbd_ioreq.o
                0x08007a10                USBD_CtlReceiveStatus
 .text.SysTick_Handler
                0x08007a28       0x1c ./build/Debug/.obj/Middlewares/Third_Party/FreeRTOS/Source/CMSIS_RTOS_V2/cmsis_os2.o
                0x08007a28                SysTick_Handler
 .text.osKernelInitialize
                0x08007a44       0x24 ./build/Debug/.obj/Middlewares/Third_Party/FreeRTOS/Source/CMSIS_RTOS_V2/cmsis_os2.o
                0x08007a44                osKernelInitialize
 .text.osKernelStart
                0x08007a68       0x34 ./build/Debug/.obj/Middlewares/Third_Party/FreeRTOS/Source/CMSIS_RTOS_V2/cmsis_os2.o
                0x08007a68                osKernelStart
 .text.osThreadNew
                0x08007a9c       0x8c ./build/Debug/.obj/Middlewares/Third_Party/FreeRTOS/Source/CMSIS_RTOS_V2/cmsis_os2.o
                0x08007a9c                osThreadNew
 .text.osThreadSuspend
                0x08007b28       0x20 ./build/Debug/.obj/Middlewares/Third_Party/FreeRTOS/Source/CMSIS_RTOS_V2/cmsis_os2.o
                0x08007b28                osThreadSuspend
 .text.osThreadTerminate
                0x08007b48       0x30 ./build/Debug/.obj/Middlewares/Third_Party/FreeRTOS/Source/CMSIS_RTOS_V2/cmsis_os2.o
                0x08007b48                osThreadTerminate
 .text.osDelay  0x08007b78       0x1c ./build/Debug/.obj/Middlewares/Third_Party/FreeRTOS/Source/CMSIS_RTOS_V2/cmsis_os2.o
                0x08007b78                osDelay
 .text.vApplicationGetIdleTaskMemory
                0x08007b94       0x1c ./build/Debug/.obj/Middlewares/Third_Party/FreeRTOS/Source/CMSIS_RTOS_V2/cmsis_os2.o
                0x08007b94                vApplicationGetIdleTaskMemory
 .text.vApplicationGetTimerTaskMemory
                0x08007bb0       0x20 ./build/Debug/.obj/Middlewares/Third_Party/FreeRTOS/Source/CMSIS_RTOS_V2/cmsis_os2.o
                0x08007bb0                vApplicationGetTimerTaskMemory
 .text.vListInitialise
                0x08007bd0       0x18 ./build/Debug/.obj/Middlewares/Third_Party/FreeRTOS/Source/list.o
                0x08007bd0                vListInitialise
 .text.vListInitialiseItem
                0x08007be8        0x8 ./build/Debug/.obj/Middlewares/Third_Party/FreeRTOS/Source/list.o
                0x08007be8                vListInitialiseItem
 .text.vListInsertEnd
                0x08007bf0       0x1c ./build/Debug/.obj/Middlewares/Third_Party/FreeRTOS/Source/list.o
                0x08007bf0                vListInsertEnd
 .text.vListInsert
                0x08007c0c       0x30 ./build/Debug/.obj/Middlewares/Third_Party/FreeRTOS/Source/list.o
                0x08007c0c                vListInsert
 .text.uxListRemove
                0x08007c3c       0x28 ./build/Debug/.obj/Middlewares/Third_Party/FreeRTOS/Source/list.o
                0x08007c3c                uxListRemove
 .text.prvPortStartFirstTask
                0x08007c64       0x28 ./build/Debug/.obj/Middlewares/Third_Party/FreeRTOS/Source/portable/GCC/ARM_CM4F/port.o
 .text.vPortEnableVFP
                0x08007c8c       0x14 ./build/Debug/.obj/Middlewares/Third_Party/FreeRTOS/Source/portable/GCC/ARM_CM4F/port.o
 .text.prvTaskExitError
                0x08007ca0       0x40 ./build/Debug/.obj/Middlewares/Third_Party/FreeRTOS/Source/portable/GCC/ARM_CM4F/port.o
 .text.pxPortInitialiseStack
                0x08007ce0       0x28 ./build/Debug/.obj/Middlewares/Third_Party/FreeRTOS/Source/portable/GCC/ARM_CM4F/port.o
                0x08007ce0                pxPortInitialiseStack
 *fill*         0x08007d08        0x8 
 .text.SVC_Handler
                0x08007d10       0x24 ./build/Debug/.obj/Middlewares/Third_Party/FreeRTOS/Source/portable/GCC/ARM_CM4F/port.o
                0x08007d10                SVC_Handler
 .text.vPortEnterCritical
                0x08007d34       0x44 ./build/Debug/.obj/Middlewares/Third_Party/FreeRTOS/Source/portable/GCC/ARM_CM4F/port.o
                0x08007d34                vPortEnterCritical
 .text.vPortExitCritical
                0x08007d78       0x28 ./build/Debug/.obj/Middlewares/Third_Party/FreeRTOS/Source/portable/GCC/ARM_CM4F/port.o
                0x08007d78                vPortExitCritical
 .text.PendSV_Handler
                0x08007da0       0x64 ./build/Debug/.obj/Middlewares/Third_Party/FreeRTOS/Source/portable/GCC/ARM_CM4F/port.o
                0x08007da0                PendSV_Handler
 .text.xPortSysTickHandler
                0x08007e04       0x2c ./build/Debug/.obj/Middlewares/Third_Party/FreeRTOS/Source/portable/GCC/ARM_CM4F/port.o
                0x08007e04                xPortSysTickHandler
 .text.vPortSetupTimerInterrupt
                0x08007e30       0x28 ./build/Debug/.obj/Middlewares/Third_Party/FreeRTOS/Source/portable/GCC/ARM_CM4F/port.o
                0x08007e30                vPortSetupTimerInterrupt
 .text.xPortStartScheduler
                0x08007e58      0x114 ./build/Debug/.obj/Middlewares/Third_Party/FreeRTOS/Source/portable/GCC/ARM_CM4F/port.o
                0x08007e58                xPortStartScheduler
 .text.vPortValidateInterruptPriority
                0x08007f6c       0x5c ./build/Debug/.obj/Middlewares/Third_Party/FreeRTOS/Source/portable/GCC/ARM_CM4F/port.o
                0x08007f6c                vPortValidateInterruptPriority
 .text.prvInsertBlockIntoFreeList
                0x08007fc8       0x54 ./build/Debug/.obj/Middlewares/Third_Party/FreeRTOS/Source/portable/MemMang/heap_4.o
 .text.pvPortMalloc
                0x0800801c      0x128 ./build/Debug/.obj/Middlewares/Third_Party/FreeRTOS/Source/portable/MemMang/heap_4.o
                0x0800801c                pvPortMalloc
 .text.vPortFree
                0x08008144       0x80 ./build/Debug/.obj/Middlewares/Third_Party/FreeRTOS/Source/portable/MemMang/heap_4.o
                0x08008144                vPortFree
 .text.prvCopyDataToQueue
                0x080081c4       0x74 ./build/Debug/.obj/Middlewares/Third_Party/FreeRTOS/Source/queue.o
 .text.prvUnlockQueue
                0x08008238       0x8c ./build/Debug/.obj/Middlewares/Third_Party/FreeRTOS/Source/queue.o
 .text.xQueueGenericReset
                0x080082c4       0x8c ./build/Debug/.obj/Middlewares/Third_Party/FreeRTOS/Source/queue.o
                0x080082c4                xQueueGenericReset
 .text.xQueueGenericCreateStatic
                0x08008350       0xa8 ./build/Debug/.obj/Middlewares/Third_Party/FreeRTOS/Source/queue.o
                0x08008350                xQueueGenericCreateStatic
 .text.xQueueGenericSend
                0x080083f8      0x18c ./build/Debug/.obj/Middlewares/Third_Party/FreeRTOS/Source/queue.o
                0x080083f8                xQueueGenericSend
 .text.xQueueGenericSendFromISR
                0x08008584       0xc4 ./build/Debug/.obj/Middlewares/Third_Party/FreeRTOS/Source/queue.o
                0x08008584                xQueueGenericSendFromISR
 .text.xQueueReceive
                0x08008648      0x17c ./build/Debug/.obj/Middlewares/Third_Party/FreeRTOS/Source/queue.o
                0x08008648                xQueueReceive
 .text.vQueueAddToRegistry
                0x080087c4       0x30 ./build/Debug/.obj/Middlewares/Third_Party/FreeRTOS/Source/queue.o
                0x080087c4                vQueueAddToRegistry
 .text.vQueueWaitForMessageRestricted
                0x080087f4       0x50 ./build/Debug/.obj/Middlewares/Third_Party/FreeRTOS/Source/queue.o
                0x080087f4                vQueueWaitForMessageRestricted
 .text.prvAddNewTaskToReadyList
                0x08008844      0x110 ./build/Debug/.obj/Middlewares/Third_Party/FreeRTOS/Source/tasks.o
 .text.prvAddCurrentTaskToDelayedList
                0x08008954       0x74 ./build/Debug/.obj/Middlewares/Third_Party/FreeRTOS/Source/tasks.o
 .text.prvDeleteTCB
                0x080089c8       0x48 ./build/Debug/.obj/Middlewares/Third_Party/FreeRTOS/Source/tasks.o
 .text.prvIdleTask
                0x08008a10       0x68 ./build/Debug/.obj/Middlewares/Third_Party/FreeRTOS/Source/tasks.o
 .text.prvInitialiseNewTask.constprop.0
                0x08008a78       0xc4 ./build/Debug/.obj/Middlewares/Third_Party/FreeRTOS/Source/tasks.o
 .text.xTaskCreateStatic
                0x08008b3c       0x74 ./build/Debug/.obj/Middlewares/Third_Party/FreeRTOS/Source/tasks.o
                0x08008b3c                xTaskCreateStatic
 .text.xTaskCreate
                0x08008bb0       0x60 ./build/Debug/.obj/Middlewares/Third_Party/FreeRTOS/Source/tasks.o
                0x08008bb0                xTaskCreate
 .text.vTaskDelete
                0x08008c10       0xd8 ./build/Debug/.obj/Middlewares/Third_Party/FreeRTOS/Source/tasks.o
                0x08008c10                vTaskDelete
 .text.eTaskGetState
                0x08008ce8       0x84 ./build/Debug/.obj/Middlewares/Third_Party/FreeRTOS/Source/tasks.o
                0x08008ce8                eTaskGetState
 .text.vTaskStartScheduler
                0x08008d6c       0xa0 ./build/Debug/.obj/Middlewares/Third_Party/FreeRTOS/Source/tasks.o
                0x08008d6c                vTaskStartScheduler
 .text.vTaskSuspendAll
                0x08008e0c       0x10 ./build/Debug/.obj/Middlewares/Third_Party/FreeRTOS/Source/tasks.o
                0x08008e0c                vTaskSuspendAll
 .text.xTaskGetTickCount
                0x08008e1c        0xc ./build/Debug/.obj/Middlewares/Third_Party/FreeRTOS/Source/tasks.o
                0x08008e1c                xTaskGetTickCount
 .text.xTaskIncrementTick
                0x08008e28      0x164 ./build/Debug/.obj/Middlewares/Third_Party/FreeRTOS/Source/tasks.o
                0x08008e28                xTaskIncrementTick
 .text.xTaskResumeAll.part.0
                0x08008f8c      0x110 ./build/Debug/.obj/Middlewares/Third_Party/FreeRTOS/Source/tasks.o
 .text.xTaskResumeAll
                0x0800909c       0x20 ./build/Debug/.obj/Middlewares/Third_Party/FreeRTOS/Source/tasks.o
                0x0800909c                xTaskResumeAll
 .text.vTaskDelay
                0x080090bc       0x60 ./build/Debug/.obj/Middlewares/Third_Party/FreeRTOS/Source/tasks.o
                0x080090bc                vTaskDelay
 .text.vTaskSwitchContext
                0x0800911c       0x98 ./build/Debug/.obj/Middlewares/Third_Party/FreeRTOS/Source/tasks.o
                0x0800911c                vTaskSwitchContext
 .text.vTaskSuspend
                0x080091b4       0xdc ./build/Debug/.obj/Middlewares/Third_Party/FreeRTOS/Source/tasks.o
                0x080091b4                vTaskSuspend
 .text.vTaskPlaceOnEventList
                0x08009290       0x34 ./build/Debug/.obj/Middlewares/Third_Party/FreeRTOS/Source/tasks.o
                0x08009290                vTaskPlaceOnEventList
 .text.vTaskPlaceOnEventListRestricted
                0x080092c4       0x3c ./build/Debug/.obj/Middlewares/Third_Party/FreeRTOS/Source/tasks.o
                0x080092c4                vTaskPlaceOnEventListRestricted
 .text.xTaskRemoveFromEventList
                0x08009300       0x88 ./build/Debug/.obj/Middlewares/Third_Party/FreeRTOS/Source/tasks.o
                0x08009300                xTaskRemoveFromEventList
 .text.vTaskInternalSetTimeOutState
                0x08009388       0x18 ./build/Debug/.obj/Middlewares/Third_Party/FreeRTOS/Source/tasks.o
                0x08009388                vTaskInternalSetTimeOutState
 .text.xTaskCheckForTimeOut
                0x080093a0       0x84 ./build/Debug/.obj/Middlewares/Third_Party/FreeRTOS/Source/tasks.o
                0x080093a0                xTaskCheckForTimeOut
 .text.vTaskMissedYield
                0x08009424        0xc ./build/Debug/.obj/Middlewares/Third_Party/FreeRTOS/Source/tasks.o
                0x08009424                vTaskMissedYield
 .text.xTaskGetSchedulerState
                0x08009430       0x20 ./build/Debug/.obj/Middlewares/Third_Party/FreeRTOS/Source/tasks.o
                0x08009430                xTaskGetSchedulerState
 .text.xTaskPriorityDisinherit
                0x08009450       0x88 ./build/Debug/.obj/Middlewares/Third_Party/FreeRTOS/Source/tasks.o
                0x08009450                xTaskPriorityDisinherit
 .text.prvCheckForValidListAndQueue
                0x080094d8       0x6c ./build/Debug/.obj/Middlewares/Third_Party/FreeRTOS/Source/timers.o
 .text.xTimerCreateTimerTask
                0x08009544       0x64 ./build/Debug/.obj/Middlewares/Third_Party/FreeRTOS/Source/timers.o
                0x08009544                xTimerCreateTimerTask
 .text.xTimerGenericCommand
                0x080095a8       0x6c ./build/Debug/.obj/Middlewares/Third_Party/FreeRTOS/Source/timers.o
                0x080095a8                xTimerGenericCommand
 .text.prvSwitchTimerLists
                0x08009614       0x80 ./build/Debug/.obj/Middlewares/Third_Party/FreeRTOS/Source/timers.o
 .text.prvTimerTask
                0x08009694      0x268 ./build/Debug/.obj/Middlewares/Third_Party/FreeRTOS/Source/timers.o
 .text._WriteNoCheck
                0x080098fc       0x34 ./build/Debug/.obj/Middlewares/Third_Party/SEGGER/RTT/SEGGER_RTT.o
 .text._WriteBlocking
                0x08009930       0x64 ./build/Debug/.obj/Middlewares/Third_Party/SEGGER/RTT/SEGGER_RTT.o
 .text._DoInit  0x08009994       0x6c ./build/Debug/.obj/Middlewares/Third_Party/SEGGER/RTT/SEGGER_RTT.o
 .text.SEGGER_RTT_WriteNoLock
                0x08009a00       0x88 ./build/Debug/.obj/Middlewares/Third_Party/SEGGER/RTT/SEGGER_RTT.o
                0x08009a00                SEGGER_RTT_WriteNoLock
 .text.SEGGER_RTT_Write
                0x08009a88       0x34 ./build/Debug/.obj/Middlewares/Third_Party/SEGGER/RTT/SEGGER_RTT.o
                0x08009a88                SEGGER_RTT_Write
 .text.SEGGER_RTT_Init
                0x08009abc        0x4 ./build/Debug/.obj/Middlewares/Third_Party/SEGGER/RTT/SEGGER_RTT.o
                0x08009abc                SEGGER_RTT_Init
 .text._StoreChar
                0x08009ac0       0x40 ./build/Debug/.obj/Middlewares/Third_Party/SEGGER/RTT/SEGGER_RTT_printf.o
 .text._PrintUnsigned
                0x08009b00       0xe8 ./build/Debug/.obj/Middlewares/Third_Party/SEGGER/RTT/SEGGER_RTT_printf.o
 .text.SEGGER_RTT_vprintf
                0x08009be8      0x39c ./build/Debug/.obj/Middlewares/Third_Party/SEGGER/RTT/SEGGER_RTT_printf.o
                0x08009be8                SEGGER_RTT_vprintf
 .text.SEGGER_RTT_printf
                0x08009f84       0x20 ./build/Debug/.obj/Middlewares/Third_Party/SEGGER/RTT/SEGGER_RTT_printf.o
                0x08009f84                SEGGER_RTT_printf
 *fill*         0x08009fa4        0x4 
 .text.MX_ADC1_Init
                0x08009fa8       0x88 ./build/Debug/.obj/Src/adc.o
                0x08009fa8                MX_ADC1_Init
 .text.HAL_ADC_MspInit
                0x0800a030       0x74 ./build/Debug/.obj/Src/adc.o
                0x0800a030                HAL_ADC_MspInit
 .text.MX_CAN1_Init
                0x0800a0a4       0x44 ./build/Debug/.obj/Src/can.o
                0x0800a0a4                MX_CAN1_Init
 .text.MX_CAN2_Init
                0x0800a0e8       0x44 ./build/Debug/.obj/Src/can.o
                0x0800a0e8                MX_CAN2_Init
 .text.HAL_CAN_MspInit
                0x0800a12c      0x140 ./build/Debug/.obj/Src/can.o
                0x0800a12c                HAL_CAN_MspInit
 .text.MX_CRC_Init
                0x0800a26c       0x20 ./build/Debug/.obj/Src/crc.o
                0x0800a26c                MX_CRC_Init
 .text.HAL_CRC_MspInit
                0x0800a28c       0x34 ./build/Debug/.obj/Src/crc.o
                0x0800a28c                HAL_CRC_MspInit
 .text.MX_DAC_Init
                0x0800a2c0       0x50 ./build/Debug/.obj/Src/dac.o
                0x0800a2c0                MX_DAC_Init
 .text.HAL_DAC_MspInit
                0x0800a310       0x70 ./build/Debug/.obj/Src/dac.o
                0x0800a310                HAL_DAC_MspInit
 .text.MX_DMA_Init
                0x0800a380       0xdc ./build/Debug/.obj/Src/dma.o
                0x0800a380                MX_DMA_Init
 .text.StartDefaultTask
                0x0800a45c       0x18 ./build/Debug/.obj/Src/freertos.o
                0x0800a45c                StartDefaultTask
 .text.MX_FREERTOS_Init
                0x0800a474       0x90 ./build/Debug/.obj/Src/freertos.o
                0x0800a474                MX_FREERTOS_Init
 .text.MX_GPIO_Init
                0x0800a504      0x1e0 ./build/Debug/.obj/Src/gpio.o
                0x0800a504                MX_GPIO_Init
 .text.MX_I2C2_Init
                0x0800a6e4       0x3c ./build/Debug/.obj/Src/i2c.o
                0x0800a6e4                MX_I2C2_Init
 .text.MX_I2C3_Init
                0x0800a720       0x3c ./build/Debug/.obj/Src/i2c.o
                0x0800a720                MX_I2C3_Init
 .text.HAL_I2C_MspInit
                0x0800a75c      0x1b4 ./build/Debug/.obj/Src/i2c.o
                0x0800a75c                HAL_I2C_MspInit
 .text.SystemClock_Config
                0x0800a910       0xa4 ./build/Debug/.obj/Src/main.o
                0x0800a910                SystemClock_Config
 .text.startup.main
                0x0800a9b4       0x90 ./build/Debug/.obj/Src/main.o
                0x0800a9b4                main
 .text.HAL_TIM_PeriodElapsedCallback
                0x0800aa44       0x14 ./build/Debug/.obj/Src/main.o
                0x0800aa44                HAL_TIM_PeriodElapsedCallback
 .text.Error_Handler
                0x0800aa58        0x4 ./build/Debug/.obj/Src/main.o
                0x0800aa58                Error_Handler
 .text.MX_RNG_Init
                0x0800aa5c       0x20 ./build/Debug/.obj/Src/rng.o
                0x0800aa5c                MX_RNG_Init
 .text.HAL_RNG_MspInit
                0x0800aa7c       0x30 ./build/Debug/.obj/Src/rng.o
                0x0800aa7c                HAL_RNG_MspInit
 .text.MX_RTC_Init
                0x0800aaac       0x34 ./build/Debug/.obj/Src/rtc.o
                0x0800aaac                MX_RTC_Init
 .text.HAL_RTC_MspInit
                0x0800aae0       0x48 ./build/Debug/.obj/Src/rtc.o
                0x0800aae0                HAL_RTC_MspInit
 .text.MX_SPI1_Init
                0x0800ab28       0x48 ./build/Debug/.obj/Src/spi.o
                0x0800ab28                MX_SPI1_Init
 .text.HAL_SPI_MspInit
                0x0800ab70      0x13c ./build/Debug/.obj/Src/spi.o
                0x0800ab70                HAL_SPI_MspInit
 .text.HAL_MspInit
                0x0800acac       0x58 ./build/Debug/.obj/Src/stm32f4xx_hal_msp.o
                0x0800acac                HAL_MspInit
 .text.HAL_InitTick
                0x0800ad04       0xa8 ./build/Debug/.obj/Src/stm32f4xx_hal_timebase_tim.o
                0x0800ad04                HAL_InitTick
 .text.NMI_Handler
                0x0800adac        0x4 ./build/Debug/.obj/Src/stm32f4xx_it.o
                0x0800adac                NMI_Handler
 .text.HardFault_Handler
                0x0800adb0        0x4 ./build/Debug/.obj/Src/stm32f4xx_it.o
                0x0800adb0                HardFault_Handler
 .text.MemManage_Handler
                0x0800adb4        0x4 ./build/Debug/.obj/Src/stm32f4xx_it.o
                0x0800adb4                MemManage_Handler
 .text.BusFault_Handler
                0x0800adb8        0x4 ./build/Debug/.obj/Src/stm32f4xx_it.o
                0x0800adb8                BusFault_Handler
 .text.UsageFault_Handler
                0x0800adbc        0x4 ./build/Debug/.obj/Src/stm32f4xx_it.o
                0x0800adbc                UsageFault_Handler
 .text.DebugMon_Handler
                0x0800adc0        0x4 ./build/Debug/.obj/Src/stm32f4xx_it.o
                0x0800adc0                DebugMon_Handler
 .text.FLASH_IRQHandler
                0x0800adc4        0x4 ./build/Debug/.obj/Src/stm32f4xx_it.o
                0x0800adc4                FLASH_IRQHandler
 .text.EXTI3_IRQHandler
                0x0800adc8        0x8 ./build/Debug/.obj/Src/stm32f4xx_it.o
                0x0800adc8                EXTI3_IRQHandler
 .text.EXTI4_IRQHandler
                0x0800add0        0x8 ./build/Debug/.obj/Src/stm32f4xx_it.o
                0x0800add0                EXTI4_IRQHandler
 .text.DMA1_Stream1_IRQHandler
                0x0800add8        0xc ./build/Debug/.obj/Src/stm32f4xx_it.o
                0x0800add8                DMA1_Stream1_IRQHandler
 .text.DMA1_Stream2_IRQHandler
                0x0800ade4        0xc ./build/Debug/.obj/Src/stm32f4xx_it.o
                0x0800ade4                DMA1_Stream2_IRQHandler
 .text.CAN1_RX0_IRQHandler
                0x0800adf0        0xc ./build/Debug/.obj/Src/stm32f4xx_it.o
                0x0800adf0                CAN1_RX0_IRQHandler
 .text.CAN1_RX1_IRQHandler
                0x0800adfc        0xc ./build/Debug/.obj/Src/stm32f4xx_it.o
                0x0800adfc                CAN1_RX1_IRQHandler
 .text.EXTI9_5_IRQHandler
                0x0800ae08        0x8 ./build/Debug/.obj/Src/stm32f4xx_it.o
                0x0800ae08                EXTI9_5_IRQHandler
 .text.I2C2_EV_IRQHandler
                0x0800ae10        0xc ./build/Debug/.obj/Src/stm32f4xx_it.o
                0x0800ae10                I2C2_EV_IRQHandler
 .text.I2C2_ER_IRQHandler
                0x0800ae1c        0xc ./build/Debug/.obj/Src/stm32f4xx_it.o
                0x0800ae1c                I2C2_ER_IRQHandler
 .text.SPI1_IRQHandler
                0x0800ae28        0xc ./build/Debug/.obj/Src/stm32f4xx_it.o
                0x0800ae28                SPI1_IRQHandler
 .text.USART1_IRQHandler
                0x0800ae34        0xc ./build/Debug/.obj/Src/stm32f4xx_it.o
                0x0800ae34                USART1_IRQHandler
 .text.USART3_IRQHandler
                0x0800ae40        0xc ./build/Debug/.obj/Src/stm32f4xx_it.o
                0x0800ae40                USART3_IRQHandler
 .text.TIM8_TRG_COM_TIM14_IRQHandler
                0x0800ae4c       0x1c ./build/Debug/.obj/Src/stm32f4xx_it.o
                0x0800ae4c                TIM8_TRG_COM_TIM14_IRQHandler
 .text.DMA1_Stream7_IRQHandler
                0x0800ae68        0xc ./build/Debug/.obj/Src/stm32f4xx_it.o
                0x0800ae68                DMA1_Stream7_IRQHandler
 .text.DMA2_Stream0_IRQHandler
                0x0800ae74        0xc ./build/Debug/.obj/Src/stm32f4xx_it.o
                0x0800ae74                DMA2_Stream0_IRQHandler
 .text.DMA2_Stream2_IRQHandler
                0x0800ae80        0xc ./build/Debug/.obj/Src/stm32f4xx_it.o
                0x0800ae80                DMA2_Stream2_IRQHandler
 .text.DMA2_Stream3_IRQHandler
                0x0800ae8c        0xc ./build/Debug/.obj/Src/stm32f4xx_it.o
                0x0800ae8c                DMA2_Stream3_IRQHandler
 .text.DMA2_Stream4_IRQHandler
                0x0800ae98        0xc ./build/Debug/.obj/Src/stm32f4xx_it.o
                0x0800ae98                DMA2_Stream4_IRQHandler
 .text.CAN2_RX0_IRQHandler
                0x0800aea4        0xc ./build/Debug/.obj/Src/stm32f4xx_it.o
                0x0800aea4                CAN2_RX0_IRQHandler
 .text.CAN2_RX1_IRQHandler
                0x0800aeb0        0xc ./build/Debug/.obj/Src/stm32f4xx_it.o
                0x0800aeb0                CAN2_RX1_IRQHandler
 .text.OTG_FS_IRQHandler
                0x0800aebc        0xc ./build/Debug/.obj/Src/stm32f4xx_it.o
                0x0800aebc                OTG_FS_IRQHandler
 .text.DMA2_Stream5_IRQHandler
                0x0800aec8        0xc ./build/Debug/.obj/Src/stm32f4xx_it.o
                0x0800aec8                DMA2_Stream5_IRQHandler
 .text.DMA2_Stream6_IRQHandler
                0x0800aed4        0xc ./build/Debug/.obj/Src/stm32f4xx_it.o
                0x0800aed4                DMA2_Stream6_IRQHandler
 .text.DMA2_Stream7_IRQHandler
                0x0800aee0        0xc ./build/Debug/.obj/Src/stm32f4xx_it.o
                0x0800aee0                DMA2_Stream7_IRQHandler
 .text.USART6_IRQHandler
                0x0800aeec        0xc ./build/Debug/.obj/Src/stm32f4xx_it.o
                0x0800aeec                USART6_IRQHandler
 .text.I2C3_EV_IRQHandler
                0x0800aef8        0xc ./build/Debug/.obj/Src/stm32f4xx_it.o
                0x0800aef8                I2C3_EV_IRQHandler
 .text.I2C3_ER_IRQHandler
                0x0800af04        0xc ./build/Debug/.obj/Src/stm32f4xx_it.o
                0x0800af04                I2C3_ER_IRQHandler
 .text._getpid  0x0800af10        0x4 ./build/Debug/.obj/Src/syscalls.o
                0x0800af10                _getpid
 .text._kill    0x0800af14       0x10 ./build/Debug/.obj/Src/syscalls.o
                0x0800af14                _kill
 .text._exit    0x0800af24        0xc ./build/Debug/.obj/Src/syscalls.o
                0x0800af24                _exit
 .text._sbrk    0x0800af30       0x44 ./build/Debug/.obj/Src/sysmem.o
                0x0800af30                _sbrk
 .text.SystemInit
                0x0800af74       0x14 ./build/Debug/.obj/Src/system_stm32f4xx.o
                0x0800af74                SystemInit
 .text.HAL_TIM_Base_MspInit
                0x0800af88       0xdc ./build/Debug/.obj/Src/tim.o
                0x0800af88                HAL_TIM_Base_MspInit
 *fill*         0x0800b064        0x4 
 .text.HAL_TIM_MspPostInit
                0x0800b068      0x190 ./build/Debug/.obj/Src/tim.o
                0x0800b068                HAL_TIM_MspPostInit
 .text.MX_TIM1_Init
                0x0800b1f8      0x138 ./build/Debug/.obj/Src/tim.o
                0x0800b1f8                MX_TIM1_Init
 .text.MX_TIM4_Init
                0x0800b330       0xc8 ./build/Debug/.obj/Src/tim.o
                0x0800b330                MX_TIM4_Init
 .text.MX_TIM5_Init
                0x0800b3f8       0xf0 ./build/Debug/.obj/Src/tim.o
                0x0800b3f8                MX_TIM5_Init
 .text.MX_TIM8_Init
                0x0800b4e8      0x120 ./build/Debug/.obj/Src/tim.o
                0x0800b4e8                MX_TIM8_Init
 .text.MX_TIM10_Init
                0x0800b608       0x90 ./build/Debug/.obj/Src/tim.o
                0x0800b608                MX_TIM10_Init
 .text.MX_USART1_UART_Init
                0x0800b698       0x38 ./build/Debug/.obj/Src/usart.o
                0x0800b698                MX_USART1_UART_Init
 .text.MX_USART3_UART_Init
                0x0800b6d0       0x40 ./build/Debug/.obj/Src/usart.o
                0x0800b6d0                MX_USART3_UART_Init
 .text.MX_USART6_UART_Init
                0x0800b710       0x38 ./build/Debug/.obj/Src/usart.o
                0x0800b710                MX_USART6_UART_Init
 .text.HAL_UART_MspInit
                0x0800b748      0x2e8 ./build/Debug/.obj/Src/usart.o
                0x0800b748                HAL_UART_MspInit
 .text.MX_USB_DEVICE_Init
                0x0800ba30       0x74 ./build/Debug/.obj/Src/usb_device.o
                0x0800ba30                MX_USB_DEVICE_Init
 .text.CDC_DeInit_FS
                0x0800baa4        0x4 ./build/Debug/.obj/Src/usbd_cdc_if.o
 .text.CDC_Control_FS
                0x0800baa8        0x4 ./build/Debug/.obj/Src/usbd_cdc_if.o
 .text.CDC_TransmitCplt_FS
                0x0800baac       0x14 ./build/Debug/.obj/Src/usbd_cdc_if.o
 .text.CDC_Receive_FS
                0x0800bac0       0x2c ./build/Debug/.obj/Src/usbd_cdc_if.o
 .text.CDC_Init_FS
                0x0800baec       0x28 ./build/Debug/.obj/Src/usbd_cdc_if.o
 .text.CDCInitRxbufferNcallback
                0x0800bb14       0x18 ./build/Debug/.obj/Src/usbd_cdc_if.o
                0x0800bb14                CDCInitRxbufferNcallback
 .text.HAL_PCD_MspInit
                0x0800bb2c       0xb0 ./build/Debug/.obj/Src/usbd_conf.o
                0x0800bb2c                HAL_PCD_MspInit
 .text.HAL_PCD_SetupStageCallback
                0x0800bbdc        0xc ./build/Debug/.obj/Src/usbd_conf.o
                0x0800bbdc                HAL_PCD_SetupStageCallback
 .text.HAL_PCD_DataOutStageCallback
                0x0800bbe8       0x14 ./build/Debug/.obj/Src/usbd_conf.o
                0x0800bbe8                HAL_PCD_DataOutStageCallback
 .text.HAL_PCD_DataInStageCallback
                0x0800bbfc       0x14 ./build/Debug/.obj/Src/usbd_conf.o
                0x0800bbfc                HAL_PCD_DataInStageCallback
 .text.HAL_PCD_SOFCallback
                0x0800bc10        0x8 ./build/Debug/.obj/Src/usbd_conf.o
                0x0800bc10                HAL_PCD_SOFCallback
 .text.HAL_PCD_ResetCallback
                0x0800bc18       0x2c ./build/Debug/.obj/Src/usbd_conf.o
                0x0800bc18                HAL_PCD_ResetCallback
 .text.HAL_PCD_SuspendCallback
                0x0800bc44       0x30 ./build/Debug/.obj/Src/usbd_conf.o
                0x0800bc44                HAL_PCD_SuspendCallback
 .text.HAL_PCD_ResumeCallback
                0x0800bc74        0x8 ./build/Debug/.obj/Src/usbd_conf.o
                0x0800bc74                HAL_PCD_ResumeCallback
 .text.HAL_PCD_ISOOUTIncompleteCallback
                0x0800bc7c        0x8 ./build/Debug/.obj/Src/usbd_conf.o
                0x0800bc7c                HAL_PCD_ISOOUTIncompleteCallback
 .text.HAL_PCD_ISOINIncompleteCallback
                0x0800bc84        0x8 ./build/Debug/.obj/Src/usbd_conf.o
                0x0800bc84                HAL_PCD_ISOINIncompleteCallback
 .text.HAL_PCD_ConnectCallback
                0x0800bc8c        0x8 ./build/Debug/.obj/Src/usbd_conf.o
                0x0800bc8c                HAL_PCD_ConnectCallback
 .text.HAL_PCD_DisconnectCallback
                0x0800bc94        0x8 ./build/Debug/.obj/Src/usbd_conf.o
                0x0800bc94                HAL_PCD_DisconnectCallback
 .text.USBD_LL_Init
                0x0800bc9c       0x64 ./build/Debug/.obj/Src/usbd_conf.o
                0x0800bc9c                USBD_LL_Init
 .text.USBD_LL_Start
                0x0800bd00       0x18 ./build/Debug/.obj/Src/usbd_conf.o
                0x0800bd00                USBD_LL_Start
 .text.USBD_LL_OpenEP
                0x0800bd18       0x1c ./build/Debug/.obj/Src/usbd_conf.o
                0x0800bd18                USBD_LL_OpenEP
 .text.USBD_LL_CloseEP
                0x0800bd34       0x18 ./build/Debug/.obj/Src/usbd_conf.o
                0x0800bd34                USBD_LL_CloseEP
 .text.USBD_LL_StallEP
                0x0800bd4c       0x18 ./build/Debug/.obj/Src/usbd_conf.o
                0x0800bd4c                USBD_LL_StallEP
 .text.USBD_LL_ClearStallEP
                0x0800bd64       0x18 ./build/Debug/.obj/Src/usbd_conf.o
                0x0800bd64                USBD_LL_ClearStallEP
 .text.USBD_LL_IsStallEP
                0x0800bd7c       0x28 ./build/Debug/.obj/Src/usbd_conf.o
                0x0800bd7c                USBD_LL_IsStallEP
 .text.USBD_LL_SetUSBAddress
                0x0800bda4       0x18 ./build/Debug/.obj/Src/usbd_conf.o
                0x0800bda4                USBD_LL_SetUSBAddress
 .text.USBD_LL_Transmit
                0x0800bdbc       0x18 ./build/Debug/.obj/Src/usbd_conf.o
                0x0800bdbc                USBD_LL_Transmit
 .text.USBD_LL_PrepareReceive
                0x0800bdd4       0x18 ./build/Debug/.obj/Src/usbd_conf.o
                0x0800bdd4                USBD_LL_PrepareReceive
 .text.USBD_LL_GetRxDataSize
                0x0800bdec        0x8 ./build/Debug/.obj/Src/usbd_conf.o
                0x0800bdec                USBD_LL_GetRxDataSize
 .text.USBD_static_malloc
                0x0800bdf4        0x8 ./build/Debug/.obj/Src/usbd_conf.o
                0x0800bdf4                USBD_static_malloc
 .text.USBD_static_free
                0x0800bdfc        0x4 ./build/Debug/.obj/Src/usbd_conf.o
                0x0800bdfc                USBD_static_free
 .text.USBD_FS_DeviceDescriptor
                0x0800be00        0xc ./build/Debug/.obj/Src/usbd_desc.o
                0x0800be00                USBD_FS_DeviceDescriptor
 .text.USBD_FS_LangIDStrDescriptor
                0x0800be0c        0xc ./build/Debug/.obj/Src/usbd_desc.o
                0x0800be0c                USBD_FS_LangIDStrDescriptor
 .text.USBD_FS_ManufacturerStrDescriptor
                0x0800be18       0x1c ./build/Debug/.obj/Src/usbd_desc.o
                0x0800be18                USBD_FS_ManufacturerStrDescriptor
 .text.USBD_FS_ProductStrDescriptor
                0x0800be34       0x1c ./build/Debug/.obj/Src/usbd_desc.o
                0x0800be34                USBD_FS_ProductStrDescriptor
 .text.USBD_FS_ConfigStrDescriptor
                0x0800be50       0x1c ./build/Debug/.obj/Src/usbd_desc.o
                0x0800be50                USBD_FS_ConfigStrDescriptor
 .text.USBD_FS_InterfaceStrDescriptor
                0x0800be6c       0x1c ./build/Debug/.obj/Src/usbd_desc.o
                0x0800be6c                USBD_FS_InterfaceStrDescriptor
 .text.USBD_FS_SerialStrDescriptor
                0x0800be88       0x7c ./build/Debug/.obj/Src/usbd_desc.o
                0x0800be88                USBD_FS_SerialStrDescriptor
 .text.Reset_Handler
                0x0800bf04       0x50 ./build/Debug/.obj/Startup/startup_stm32f407ighx.o
                0x0800bf04                Reset_Handler
 .text.Default_Handler
                0x0800bf54        0x2 ./build/Debug/.obj/Startup/startup_stm32f407ighx.o
                0x0800bf54                RTC_Alarm_IRQHandler
                0x0800bf54                HASH_RNG_IRQHandler
                0x0800bf54                EXTI2_IRQHandler
                0x0800bf54                TIM8_CC_IRQHandler
                0x0800bf54                TIM1_CC_IRQHandler
                0x0800bf54                DMA1_Stream5_IRQHandler
                0x0800bf54                PVD_IRQHandler
                0x0800bf54                SDIO_IRQHandler
                0x0800bf54                TAMP_STAMP_IRQHandler
                0x0800bf54                TIM1_UP_TIM10_IRQHandler
                0x0800bf54                TIM8_UP_TIM13_IRQHandler
                0x0800bf54                EXTI0_IRQHandler
                0x0800bf54                FPU_IRQHandler
                0x0800bf54                OTG_HS_WKUP_IRQHandler
                0x0800bf54                CAN2_SCE_IRQHandler
                0x0800bf54                TIM6_DAC_IRQHandler
                0x0800bf54                TIM1_BRK_TIM9_IRQHandler
                0x0800bf54                DCMI_IRQHandler
                0x0800bf54                UART5_IRQHandler
                0x0800bf54                TIM4_IRQHandler
                0x0800bf54                I2C1_EV_IRQHandler
                0x0800bf54                DMA1_Stream6_IRQHandler
                0x0800bf54                UART4_IRQHandler
                0x0800bf54                TIM3_IRQHandler
                0x0800bf54                RCC_IRQHandler
                0x0800bf54                TIM8_BRK_TIM12_IRQHandler
                0x0800bf54                Default_Handler
                0x0800bf54                EXTI15_10_IRQHandler
                0x0800bf54                ADC_IRQHandler
                0x0800bf54                TIM7_IRQHandler
                0x0800bf54                CAN2_TX_IRQHandler
                0x0800bf54                TIM5_IRQHandler